Component: Arm Compiler for Embedded 6.21 Tool: armlink [5ec1fa00]

==============================================================================

Section Cross References

    startup_stm32f407xx.o(STACK) refers (Special) to heapauxi.o(.text) for __use_two_region_memory
    startup_stm32f407xx.o(HEAP) refers (Special) to heapauxi.o(.text) for __use_two_region_memory
    startup_stm32f407xx.o(RESET) refers (Special) to heapauxi.o(.text) for __use_two_region_memory
    startup_stm32f407xx.o(RESET) refers to startup_stm32f407xx.o(STACK) for __initial_sp
    startup_stm32f407xx.o(RESET) refers to startup_stm32f407xx.o(.text) for Reset_Handler
    startup_stm32f407xx.o(RESET) refers to stm32f4xx_it.o(.text.NMI_Handler) for NMI_Handler
    startup_stm32f407xx.o(RESET) refers to stm32f4xx_it.o(.text.HardFault_Handler) for HardFault_Handler
    startup_stm32f407xx.o(RESET) refers to stm32f4xx_it.o(.text.MemManage_Handler) for MemManage_Handler
    startup_stm32f407xx.o(RESET) refers to stm32f4xx_it.o(.text.BusFault_Handler) for BusFault_Handler
    startup_stm32f407xx.o(RESET) refers to stm32f4xx_it.o(.text.UsageFault_Handler) for UsageFault_Handler
    startup_stm32f407xx.o(RESET) refers to stm32f4xx_it.o(.text.SVC_Handler) for SVC_Handler
    startup_stm32f407xx.o(RESET) refers to stm32f4xx_it.o(.text.DebugMon_Handler) for DebugMon_Handler
    startup_stm32f407xx.o(RESET) refers to stm32f4xx_it.o(.text.PendSV_Handler) for PendSV_Handler
    startup_stm32f407xx.o(RESET) refers to stm32f4xx_it.o(.text.SysTick_Handler) for SysTick_Handler
    startup_stm32f407xx.o(.text) refers (Special) to heapauxi.o(.text) for __use_two_region_memory
    startup_stm32f407xx.o(.text) refers to system_stm32f4xx.o(.text.SystemInit) for SystemInit
    startup_stm32f407xx.o(.text) refers to __main.o(!!!main) for __main
    startup_stm32f407xx.o(.text) refers to startup_stm32f407xx.o(HEAP) for Heap_Mem
    startup_stm32f407xx.o(.text) refers to startup_stm32f407xx.o(STACK) for Stack_Mem
    main.o(.text.main) refers to stm32f4xx_hal.o(.text.HAL_Init) for HAL_Init
    main.o(.text.main) refers to main.o(.text.SystemClock_Config) for SystemClock_Config
    main.o(.text.main) refers to gpio.o(.text.MX_GPIO_Init) for MX_GPIO_Init
    main.o(.text.main) refers to crc.o(.text.MX_CRC_Init) for MX_CRC_Init
    main.o(.text.main) refers to usart.o(.text.MX_USART2_UART_Init) for MX_USART2_UART_Init
    main.o(.text.main) refers to usart.o(.text.MX_USART3_UART_Init) for MX_USART3_UART_Init
    main.o(.text.main) refers to bootloader.o(.text.BL_Print_massege) for BL_Print_massege
    main.o(.text.main) refers to bootloader.o(.text.BL_Featch_Command) for BL_Featch_Command
    main.o(.ARM.exidx.text.main) refers to main.o(.text.main) for [Anonymous Symbol]
    main.o(.text.SystemClock_Config) refers to stm32f4xx_hal_rcc.o(.text.HAL_RCC_OscConfig) for HAL_RCC_OscConfig
    main.o(.text.SystemClock_Config) refers to stm32f4xx_hal_rcc.o(.text.HAL_RCC_ClockConfig) for HAL_RCC_ClockConfig
    main.o(.ARM.exidx.text.SystemClock_Config) refers to main.o(.text.SystemClock_Config) for [Anonymous Symbol]
    main.o(.ARM.exidx.text.Error_Handler) refers to main.o(.text.Error_Handler) for [Anonymous Symbol]
    gpio.o(.text.MX_GPIO_Init) refers to stm32f4xx_hal_gpio.o(.text.HAL_GPIO_WritePin) for HAL_GPIO_WritePin
    gpio.o(.text.MX_GPIO_Init) refers to stm32f4xx_hal_gpio.o(.text.HAL_GPIO_Init) for HAL_GPIO_Init
    gpio.o(.ARM.exidx.text.MX_GPIO_Init) refers to gpio.o(.text.MX_GPIO_Init) for [Anonymous Symbol]
    crc.o(.text.MX_CRC_Init) refers to crc.o(.bss.hcrc) for hcrc
    crc.o(.text.MX_CRC_Init) refers to stm32f4xx_hal_crc.o(.text.HAL_CRC_Init) for HAL_CRC_Init
    crc.o(.text.MX_CRC_Init) refers to main.o(.text.Error_Handler) for Error_Handler
    crc.o(.ARM.exidx.text.MX_CRC_Init) refers to crc.o(.text.MX_CRC_Init) for [Anonymous Symbol]
    crc.o(.ARM.exidx.text.HAL_CRC_MspInit) refers to crc.o(.text.HAL_CRC_MspInit) for [Anonymous Symbol]
    crc.o(.ARM.exidx.text.HAL_CRC_MspDeInit) refers to crc.o(.text.HAL_CRC_MspDeInit) for [Anonymous Symbol]
    usart.o(.text.MX_USART2_UART_Init) refers to usart.o(.bss.huart2) for huart2
    usart.o(.text.MX_USART2_UART_Init) refers to stm32f4xx_hal_uart.o(.text.HAL_UART_Init) for HAL_UART_Init
    usart.o(.text.MX_USART2_UART_Init) refers to main.o(.text.Error_Handler) for Error_Handler
    usart.o(.ARM.exidx.text.MX_USART2_UART_Init) refers to usart.o(.text.MX_USART2_UART_Init) for [Anonymous Symbol]
    usart.o(.text.MX_USART3_UART_Init) refers to usart.o(.bss.huart3) for huart3
    usart.o(.text.MX_USART3_UART_Init) refers to stm32f4xx_hal_uart.o(.text.HAL_UART_Init) for HAL_UART_Init
    usart.o(.text.MX_USART3_UART_Init) refers to main.o(.text.Error_Handler) for Error_Handler
    usart.o(.ARM.exidx.text.MX_USART3_UART_Init) refers to usart.o(.text.MX_USART3_UART_Init) for [Anonymous Symbol]
    usart.o(.text.HAL_UART_MspInit) refers to stm32f4xx_hal_gpio.o(.text.HAL_GPIO_Init) for HAL_GPIO_Init
[...]
    .ARM.Collect$$libshutdown$$00000002      0x080002de   Section        0  libshutdown2.o(.ARM.Collect$$libshutdown$$00000002)
    .ARM.Collect$$libshutdown$$00000004      0x080002de   Section        0  libshutdown2.o(.ARM.Collect$$libshutdown$$00000004)
    .ARM.Collect$$libshutdown$$00000007      0x080002de   Section        0  libshutdown2.o(.ARM.Collect$$libshutdown$$00000007)
    .ARM.Collect$$libshutdown$$0000000A      0x080002de   Section        0  libshutdown2.o(.ARM.Collect$$libshutdown$$0000000A)
    .ARM.Collect$$libshutdown$$0000000C      0x080002de   Section        0  libshutdown2.o(.ARM.Collect$$libshutdown$$0000000C)
    .ARM.Collect$$libshutdown$$0000000F      0x080002de   Section        0  libshutdown2.o(.ARM.Collect$$libshutdown$$0000000F)
    .ARM.Collect$$libshutdown$$00000010      0x080002de   Section        2  libshutdown2.o(.ARM.Collect$$libshutdown$$00000010)
    .ARM.Collect$$rtentry$$00000000          0x080002e0   Section        0  __rtentry.o(.ARM.Collect$$rtentry$$00000000)
    .ARM.Collect$$rtentry$$00000002          0x080002e0   Section        0  __rtentry2.o(.ARM.Collect$$rtentry$$00000002)
    .ARM.Collect$$rtentry$$00000004          0x080002e0   Section        6  __rtentry4.o(.ARM.Collect$$rtentry$$00000004)
    .ARM.Collect$$rtentry$$00000009          0x080002e6   Section        0  __rtentry2.o(.ARM.Collect$$rtentry$$00000009)
    .ARM.Collect$$rtentry$$0000000A          0x080002e6   Section        4  __rtentry2.o(.ARM.Collect$$rtentry$$0000000A)
    .ARM.Collect$$rtentry$$0000000C          0x080002ea   Section        0  __rtentry2.o(.ARM.Collect$$rtentry$$0000000C)
    .ARM.Collect$$rtentry$$0000000D          0x080002ea   Section        8  __rtentry2.o(.ARM.Collect$$rtentry$$0000000D)
    .ARM.Collect$$rtexit$$00000000           0x080002f2   Section        2  rtexit.o(.ARM.Collect$$rtexit$$00000000)
    .ARM.Collect$$rtexit$$00000002           0x080002f4   Section        0  rtexit2.o(.ARM.Collect$$rtexit$$00000002)
    .ARM.Collect$$rtexit$$00000003           0x080002f4   Section        4  rtexit2.o(.ARM.Collect$$rtexit$$00000003)
    .ARM.Collect$$rtexit$$00000004           0x080002f8   Section        6  rtexit2.o(.ARM.Collect$$rtexit$$00000004)
    $v0                                      0x08000300   Number         0  startup_stm32f407xx.o(.text)
    .text                                    0x08000300   Section       64  startup_stm32f407xx.o(.text)
    .text                                    0x08000340   Section      240  lludivv7m.o(.text)
    .text                                    0x08000430   Section        0  vsprintf.o(.text)
    .text                                    0x08000454   Section       78  rt_memclr_w.o(.text)
    .text                                    0x080004a2   Section        0  heapauxi.o(.text)
    .text                                    0x080004a8   Section        0  _printf_pad.o(.text)
    .text                                    0x080004f6   Section        0  _printf_truncate.o(.text)
    .text                                    0x0800051a   Section        0  _printf_str.o(.text)
    .text                                    0x0800056c   Section        0  _printf_dec.o(.text)
    .text                                    0x080005e4   Section        0  _printf_charcount.o(.text)
    _printf_input_char                       0x0800060d   Thumb Code    10  _printf_char_common.o(.text)
    .text                                    0x0800060c   Section        0  _printf_char_common.o(.text)
    .text                                    0x0800063c   Section        0  _sputc.o(.text)
    .text                                    0x08000648   Section        0  _printf_wctomb.o(.text)
    .text                                    0x08000704   Section        0  _printf_longlong_dec.o(.text)
    _printf_longlong_oct_internal            0x08000781   Thumb Code     0  _printf_oct_int_ll.o(.text)
    .text                                    0x08000780   Section        0  _printf_oct_int_ll.o(.text)
    _printf_hex_common                       0x080007f1   Thumb Code     0  _printf_hex_int_ll_ptr.o(.text)
    .text                                    0x080007f0   Section        0  _printf_hex_int_ll_ptr.o(.text)
    .text                                    0x08000884   Section        0  __printf_flags_ss_wp.o(.text)
    .text                                    0x08000a0c   Section      138  lludiv10.o(.text)
    .text                                    0x08000a96   Section        0  _printf_intcommon.o(.text)
    _fp_digits                               0x08000b49   Thumb Code   432  _printf_fp_dec.o(.text)
    .text                                    0x08000b48   Section        0  _printf_fp_dec.o(.text)
    .text                                    0x08000f64   Section        0  _printf_fp_hex.o(.text)
    .text                                    0x08001260   Section        0  _printf_char.o(.text)
    .text                                    0x0800128c   Section        0  _printf_wchar.o(.text)
    .text                                    0x080012b8   Section        0  _c16rtomb.o(.text)
    .text                                    0x08001300   Section       74  sys_stackheap_outer.o(.text)
    .text                                    0x0800134c   Section       16  rt_ctype_table.o(.text)
    .text                                    0x0800135c   Section        8  rt_locale_intlibspace.o(.text)
    .text                                    0x08001364   Section        0  _printf_fp_infnan.o(.text)
    .text                                    0x080013e4   Section        0  bigflt0.o(.text)
    .text                                    0x080014c8   Section        0  exit.o(.text)
    .text                                    0x080014dc   Section        8  libspace.o(.text)
    .text                                    0x080014e8   Section      124  strcmpv7em.o(.text)
    .text                                    0x08001564   Section        0  sys_exit.o(.text)
    .text                                    0x08001570   Section        2  use_no_semi.o(.text)
    .text                                    0x08001572   Section        0  indicate_semi.o(.text)
    [Anonymous Symbol]                       0x08001574   Section        0  bootloader.o(.text.BL_Featch_Command)
    [Anonymous Symbol]                       0x08001f90   Section        0  bootloader.o(.text.BL_Print_massege)
    [Anonymous Symbol]                       0x08001fd0   Section        0  stm32f4xx_it.o(.text.BusFault_Handler)
    [Anonymous Symbol]                       0x08001fd4   Section        0  stm32f4xx_it.o(.text.DebugMon_Handler)
    [Anonymous Symbol]                       0x08001fd8   Section        0  main.o(.text.Error_Handler)
    [Anonymous Symbol]                       0x08001fe4   Section        0  stm32f4xx_hal_flash.o(.text.FLASH_WaitForLastOperation)
    [Anonymous Symbol]                       0x080020e4   Section        0  stm32f4xx_hal_crc.o(.text.HAL_CRC_Accumulate)
    [Anonymous Symbol]                       0x08002150   Section        0  stm32f4xx_hal_crc.o(.text.HAL_CRC_Init)
    [Anonymous Symbol]                       0x0800217c   Section        0  crc.o(.text.HAL_CRC_MspInit)
    [Anonymous Symbol]                       0x080021ac   Section        0  stm32f4xx_hal_flash_ex.o(.text.HAL_FLASHEx_Erase)
    [Anonymous Symbol]                       0x08002338   Section        0  stm32f4xx_hal_flash_ex.o(.text.HAL_FLASHEx_OBGetConfig)
    [Anonymous Symbol]                       0x08002370   Section        0  stm32f4xx_hal_flash_ex.o(.text.HAL_FLASHEx_OBProgram)
    [Anonymous Symbol]                       0x08002428   Section        0  stm32f4xx_hal_flash.o(.text.HAL_FLASH_Lock)
    [Anonymous Symbol]                       0x0800243c   Section        0  stm32f4xx_hal_flash.o(.text.HAL_FLASH_OB_Launch)
    [Anonymous Symbol]                       0x08002454   Section        0  stm32f4xx_hal_flash.o(.text.HAL_FLASH_OB_Lock)
    [Anonymous Symbol]                       0x08002468   Section        0  stm32f4xx_hal_flash.o(.text.HAL_FLASH_OB_Unlock)
    [Anonymous Symbol]                       0x08002494   Section        0  stm32f4xx_hal_flash.o(.text.HAL_FLASH_Program)
    [Anonymous Symbol]                       0x080025b4   Section        0  stm32f4xx_hal_flash.o(.text.HAL_FLASH_Unlock)
    [Anonymous Symbol]                       0x080025e4   Section        0  stm32f4xx_hal_gpio.o(.text.HAL_GPIO_Init)
    [Anonymous Symbol]                       0x08002784   Section        0  stm32f4xx_hal_gpio.o(.text.HAL_GPIO_WritePin)
    [Anonymous Symbol]                       0x08002790   Section        0  stm32f4xx_hal.o(.text.HAL_GetTick)
    [Anonymous Symbol]                       0x0800279c   Section        0  stm32f4xx_hal.o(.text.HAL_IncTick)
    [Anonymous Symbol]                       0x080027b8   Section        0  stm32f4xx_hal.o(.text.HAL_Init)
    [Anonymous Symbol]                       0x080027f0   Section        0  stm32f4xx_hal.o(.text.HAL_InitTick)
    [Anonymous Symbol]                       0x08002838   Section        0  stm32f4xx_hal_msp.o(.text.HAL_MspInit)
    [Anonymous Symbol]                       0x08002870   Section        0  stm32f4xx_hal_cortex.o(.text.HAL_NVIC_SetPriority)
    [Anonymous Symbol]                       0x080028c8   Section        0  stm32f4xx_hal_cortex.o(.text.HAL_NVIC_SetPriorityGrouping)
    [Anonymous Symbol]                       0x080028e8   Section        0  stm32f4xx_hal_rcc.o(.text.HAL_RCC_ClockConfig)
    [Anonymous Symbol]                       0x08002a4c   Section        0  stm32f4xx_hal_rcc_ex.o(.text.HAL_RCC_DeInit)
    [Anonymous Symbol]                       0x08002b74   Section        0  stm32f4xx_hal_rcc.o(.text.HAL_RCC_GetPCLK1Freq)
    [Anonymous Symbol]                       0x08002b9c   Section        0  stm32f4xx_hal_rcc.o(.text.HAL_RCC_GetPCLK2Freq)
    [Anonymous Symbol]                       0x08002bc4   Section        0  stm32f4xx_hal_rcc.o(.text.HAL_RCC_GetSysClockFreq)
    [Anonymous Symbol]                       0x08002c30   Section        0  stm32f4xx_hal_rcc.o(.text.HAL_RCC_OscConfig)
    [Anonymous Symbol]                       0x08002fe0   Section        0  stm32f4xx_hal_cortex.o(.text.HAL_SYSTICK_Config)
    [Anonymous Symbol]                       0x0800300c   Section        0  stm32f4xx_hal_uart.o(.text.HAL_UART_Init)
    [Anonymous Symbol]                       0x0800306c   Section        0  usart.o(.text.HAL_UART_MspInit)
    [Anonymous Symbol]                       0x08003130   Section        0  stm32f4xx_hal_uart.o(.text.HAL_UART_Receive)
    [Anonymous Symbol]                       0x080032ec   Section        0  stm32f4xx_hal_uart.o(.text.HAL_UART_Transmit)
    [Anonymous Symbol]                       0x08003574   Section        0  stm32f4xx_it.o(.text.HardFault_Handler)
    [Anonymous Symbol]                       0x08003578   Section        0  crc.o(.text.MX_CRC_Init)
    [Anonymous Symbol]                       0x080035a0   Section        0  gpio.o(.text.MX_GPIO_Init)
    [Anonymous Symbol]                       0x08003630   Section        0  usart.o(.text.MX_USART2_UART_Init)
    [Anonymous Symbol]                       0x0800366c   Section        0  usart.o(.text.MX_USART3_UART_Init)
    [Anonymous Symbol]                       0x080036a8   Section        0  stm32f4xx_it.o(.text.MemManage_Handler)
    [Anonymous Symbol]                       0x080036ac   Section        0  stm32f4xx_it.o(.text.NMI_Handler)
    [Anonymous Symbol]                       0x080036b0   Section        0  stm32f4xx_it.o(.text.PendSV_Handler)
    [Anonymous Symbol]                       0x080036b4   Section        0  stm32f4xx_it.o(.text.SVC_Handler)
    [Anonymous Symbol]                       0x080036b8   Section        0  stm32f4xx_it.o(.text.SysTick_Handler)
    [Anonymous Symbol]                       0x080036bc   Section        0  main.o(.text.SystemClock_Config)
    [Anonymous Symbol]                       0x0800376c   Section        0  system_stm32f4xx.o(.text.SystemInit)
    UART_SetConfig                           0x08003781   Thumb Code   238  stm32f4xx_hal_uart.o(.text.UART_SetConfig)
    [Anonymous Symbol]                       0x08003780   Section        0  stm32f4xx_hal_uart.o(.text.UART_SetConfig)
    [Anonymous Symbol]                       0x08003870   Section        0  stm32f4xx_it.o(.text.UsageFault_Handler)
    [Anonymous Symbol]                       0x08003874   Section        0  main.o(.text.main)
    CL$$btod_d2e                             0x080038c8   Section       62  btod.o(CL$$btod_d2e)
    CL$$btod_d2e_denorm_low                  0x08003906   Section       70  btod.o(CL$$btod_d2e_denorm_low)
    CL$$btod_d2e_norm_op1                    0x0800394c   Section       96  btod.o(CL$$btod_d2e_norm_op1)
    CL$$btod_div_common                      0x080039ac   Section      824  btod.o(CL$$btod_div_common)
    CL$$btod_e2e                             0x08003ce4   Section      220  btod.o(CL$$btod_e2e)
    CL$$btod_ediv                            0x08003dc0   Section       42  btod.o(CL$$btod_ediv)
    CL$$btod_emul                            0x08003dea   Section       42  btod.o(CL$$btod_emul)
    CL$$btod_mult_common                     0x08003e14   Section      580  btod.o(CL$$btod_mult_common)
    i.__ARM_fpclassify                       0x08004058   Section        0  fpclassify.o(i.__ARM_fpclassify)
    i._is_digit                              0x08004088   Section        0  __printf_wp.o(i._is_digit)
    locale$$code                             0x08004098   Section       44  lc_numeric_c.o(locale$$code)
    locale$$code                             0x080040c4   Section       44  lc_ctype_c.o(locale$$code)
    $v0                                      0x080040f0   Number         0  fpinit.o(x$fpl$fpinit)
    x$fpl$fpinit                             0x080040f0   Section       26  fpinit.o(x$fpl$fpinit)
    $v0                                      0x0800410a   Number         0  printf1.o(x$fpl$printf1)
    x$fpl$printf1                            0x0800410a   Section        4  printf1.o(x$fpl$printf1)
    $v0                                      0x0800410e   Number         0  printf2.o(x$fpl$printf2)
    x$fpl$printf2                            0x0800410e   Section        4  printf2.o(x$fpl$printf2)
    x$fpl$usenofp                            0x08004112   Section        0  usenofp.o(x$fpl$usenofp)
    initial_mbstate                          0x08004114   Data           8  _printf_wctomb.o(.constdata)
    .constdata                               0x08004114   Section        8  _printf_wctomb.o(.constdata)
    uc_hextab                                0x0800411c   Data          20  _printf_hex_int_ll_ptr.o(.constdata)
    .constdata                               0x0800411c   Section       40  _printf_hex_int_ll_ptr.o(.constdata)
    lc_hextab                                0x08004130   Data          20  _printf_hex_int_ll_ptr.o(.constdata)
    maptable                                 0x08004144   Data          17  __printf_flags_ss_wp.o(.constdata)
    .constdata                               0x08004144   Section       17  __printf_flags_ss_wp.o(.constdata)
    lc_hextab                                0x08004155   Data          19  _printf_fp_hex.o(.constdata)
    .constdata                               0x08004155   Section       38  _printf_fp_hex.o(.constdata)
    uc_hextab                                0x08004168   Data          19  _printf_fp_hex.o(.constdata)
    tenpwrs_x                                0x0800417c   Data          60  bigflt0.o(.constdata)
    .constdata                               0x0800417c   Section      148  bigflt0.o(.constdata)
    tenpwrs_i                                0x080041b8   Data          64  bigflt0.o(.constdata)
    .L__const.Bootloader_Erase_Flash.pEraseInit 0x08004210   Data          20  bootloader.o(.rodata..L__const.Bootloader_Erase_Flash.pEraseInit)
    .L.str.25                                0x0800423c   Data          36  bootloader.o(.rodata.str1.1)
    [Anonymous Symbol]                       0x0800423c   Section        0  bootloader.o(.rodata.str1.1)
    .L.str.24                                0x08004260   Data          49  bootloader.o(.rodata.str1.1)
    .L.str.22                                0x08004291   Data          31  bootloader.o(.rodata.str1.1)
    .L.str.35                                0x080042b0   Data          15  bootloader.o(.rodata.str1.1)
    .L.str.8                                 0x080042bf   Data          21  bootloader.o(.rodata.str1.1)
    .L.str.10                                0x080042d4   Data          21  bootloader.o(.rodata.str1.1)
    .L.str.2                                 0x080042e9   Data          20  bootloader.o(.rodata.str1.1)
    .L.str.5                                 0x080042fd   Data          24  bootloader.o(.rodata.str1.1)
    .L.str.6                                 0x08004315   Data          22  bootloader.o(.rodata.str1.1)
    .L.str.1                                 0x0800432b   Data          21  bootloader.o(.rodata.str1.1)
    .L.str.4                                 0x08004340   Data          23  bootloader.o(.rodata.str1.1)
    .L.str                                   0x08004357   Data          20  bootloader.o(.rodata.str1.1)
    .L.str.3                                 0x0800436b   Data          27  bootloader.o(.rodata.str1.1)
    .L.str.9                                 0x08004386   Data          31  bootloader.o(.rodata.str1.1)
    .L.str.7                                 0x080043a5   Data          25  bootloader.o(.rodata.str1.1)
    .L.str.17                                0x080043be   Data          49  bootloader.o(.rodata.str1.1)
    .L.str.13                                0x080043ef   Data          44  bootloader.o(.rodata.str1.1)
    .L.str.19                                0x0800441b   Data          41  bootloader.o(.rodata.str1.1)
    .L.str.40                                0x08004444   Data          41  bootloader.o(.rodata.str1.1)
    .L.str.23                                0x0800446d   Data          48  bootloader.o(.rodata.str1.1)
    .L.str.15                                0x0800449d   Data          28  bootloader.o(.rodata.str1.1)
    .L.str.18                                0x080044b9   Data          38  bootloader.o(.rodata.str1.1)
    .L.str.16                                0x080044df   Data          27  bootloader.o(.rodata.str1.1)
    .L.str.21                                0x080044fa   Data          30  bootloader.o(.rodata.str1.1)
    .L.str.29                                0x08004518   Data          33  bootloader.o(.rodata.str1.1)
    .L.str.32                                0x0800451e   Data          27  bootloader.o(.rodata.str1.1)
    .L.str.14                                0x08004539   Data          27  bootloader.o(.rodata.str1.1)
    .L.str.12                                0x08004554   Data          26  bootloader.o(.rodata.str1.1)
    .L.str.26                                0x0800456e   Data          27  bootloader.o(.rodata.str1.1)
    .L.str.34                                0x08004589   Data          42  bootloader.o(.rodata.str1.1)
    .L.str.33                                0x080045b3   Data          44  bootloader.o(.rodata.str1.1)
    .L.str.39                                0x080045df   Data          34  bootloader.o(.rodata.str1.1)
    .L.str.37                                0x08004601   Data          62  bootloader.o(.rodata.str1.1)
    .L.str.31                                0x0800463f   Data          24  bootloader.o(.rodata.str1.1)
    .L.str.28                                0x08004657   Data          33  bootloader.o(.rodata.str1.1)
    .L.str.20                                0x08004678   Data          31  bootloader.o(.rodata.str1.1)
    .L.str.27                                0x08004697   Data          21  bootloader.o(.rodata.str1.1)
    .L.str.30                                0x080046ac   Data          25  bootloader.o(.rodata.str1.1)
    locale$$data                             0x080046e8   Section       28  lc_numeric_c.o(locale$$data)
    __lcnum_c_name                           0x080046ec   Data           2  lc_numeric_c.o(locale$$data)
    __lcnum_c_start                          0x080046f4   Data           0  lc_numeric_c.o(locale$$data)
    __lcnum_c_point                          0x08004700   Data           0  lc_numeric_c.o(locale$$data)
    __lcnum_c_thousands                      0x08004702   Data           0  lc_numeric_c.o(locale$$data)
    __lcnum_c_grouping                       0x08004703   Data           0  lc_numeric_c.o(locale$$data)
    __lcnum_c_end                            0x08004704   Data           0  lc_numeric_c.o(locale$$data)
    locale$$data                             0x08004704   Section      272  lc_ctype_c.o(locale$$data)
    __lcctype_c_name                         0x08004708   Data           2  lc_ctype_c.o(locale$$data)
    __lcctype_c_start                        0x08004710   Data           0  lc_ctype_c.o(locale$$data)
    __lcctype_c_end                          0x08004814   Data           0  lc_ctype_c.o(locale$$data)
    .L_MergedGlobals                         0x20000000   Data           8  stm32f4xx_hal.o(.data..L_MergedGlobals)
    [Anonymous Symbol]                       0x20000000   Section        0  stm32f4xx_hal.o(.data..L_MergedGlobals)
    .bss                                     0x20000010   Section       96  libspace.o(.bss)
    Heap_Mem                                 0x200001f0   Data         512  startup_stm32f407xx.o(HEAP)
    HEAP                                     0x200001f0   Section      512  startup_stm32f407xx.o(HEAP)
    Stack_Mem                                0x200003f0   Data        1024  startup_stm32f407xx.o(STACK)
    STACK                                    0x200003f0   Section     1024  startup_stm32f407xx.o(STACK)
    __initial_sp                             0x200007f0   Data           0  startup_stm32f407xx.o(STACK)

    Global Symbols

    Symbol Name                              Value     Ov Type        Size  Object(Section)

    BuildAttributes$$THM_ISAv4$E$P$D$K$B$S$7EM$VFPi3$EXTD16$VFPS$VFMA$PE$A:L22UL41UL21$X:L11$S22US41US21$IEEE1$IW$~IW$USESV6$~STKCKD$USESV7$~SHL$OTIME$ROPI$IEEEJ$EBA8$UX$STANDARDLIB$REQ8$PRES8$EABIv2 0x00000000   Number         0  anon$$obj.o ABSOLUTE
    _printf_flags                            0x00000000   Number         0  printf_stubs.o ABSOLUTE
    _printf_return_value                     0x00000000   Number         0  printf_stubs.o ABSOLUTE
    _printf_sizespec                         0x00000000   Number         0  printf_stubs.o ABSOLUTE
    _printf_widthprec                        0x00000000   Number         0  printf_stubs.o ABSOLUTE
    __ARM_exceptions_init                     - Undefined Weak Reference
    __alloca_initialize                       - Undefined Weak Reference
    __arm_preinit_                            - Undefined Weak Reference
    __arm_relocate_pie_                       - Undefined Weak Reference
    __cpp_initialize__aeabi_                  - Undefined Weak Reference
    __cxa_finalize                            - Undefined Weak Reference
    __sigvec_lookup                           - Undefined Weak Reference
    _atexit_init                              - Undefined Weak Reference
    _call_atexit_fns                          - Undefined Weak Reference
    _clock_init                               - Undefined Weak Reference
    _fp_trap_init                             - Undefined Weak Reference
    _fp_trap_shutdown                         - Undefined Weak Reference
    _get_lc_collate                           - Undefined Weak Reference
    _get_lc_monetary                          - Undefined Weak Reference
    _get_lc_time                              - Undefined Weak Reference
    _getenv_init                              - Undefined Weak Reference
    _handle_redirection                       - Undefined Weak Reference
    _init_alloc                               - Undefined Weak Reference
    _init_user_alloc                          - Undefined Weak Reference
    _initio                                   - Undefined Weak Reference
    _printf_mbtowc                            - Undefined Weak Reference
    _printf_wc                                - Undefined Weak Reference
    _rand_init                                - Undefined Weak Reference
    _signal_finish                            - Undefined Weak Reference
    _signal_init                              - Undefined Weak Reference
    _terminate_alloc                          - Undefined Weak Reference
    _terminate_user_alloc                     - Undefined Weak Reference
    _terminateio                              - Undefined Weak Reference
    __Vectors_Size                           0x00000188   Number         0  startup_stm32f407xx.o ABSOLUTE
    __Vectors                                0x08000000   Data           4  startup_stm32f407xx.o(RESET)
    __Vectors_End                            0x08000188   Data           0  startup_stm32f407xx.o(RESET)
    __main                                   0x08000189   Thumb Code     8  __main.o(!!!main)
    __scatterload                            0x08000191   Thumb Code     0  __scatter.o(!!!scatter)
    __scatterload_rt2                        0x08000191   Thumb Code    84  __scatter.o(!!!scatter)
    __scatterload_rt2_thumb_only             0x08000191   Thumb Code     0  __scatter.o(!!!scatter)
    __scatterload_loop                       0x0800019b   Thumb Code     0  __scatter.o(!!!scatter)
    __scatterload_copy                       0x080001ed   Thumb Code    26  __scatter_copy.o(!!handler_copy)
    __scatterload_null                       0x08000209   Thumb Code     2  __scatter.o(!!handler_null)
    __scatterload_zeroinit                   0x0800020d   Thumb Code    28  __scatter_zi.o(!!handler_zi)
    _printf_n                                0x08000229   Thumb Code     0  _printf_n.o(.ARM.Collect$$_printf_percent$$00000001)
    _printf_percent                          0x08000229   Thumb Code     0  _printf_percent.o(.ARM.Collect$$_printf_percent$$00000000)
    _printf_p                                0x0800022f   Thumb Code     0  _printf_p.o(.ARM.Collect$$_printf_percent$$00000002)
    _printf_f                                0x08000235   Thumb Code     0  _printf_f.o(.ARM.Collect$$_printf_percent$$00000003)
    _printf_e                                0x0800023b   Thumb Code     0  _printf_e.o(.ARM.Collect$$_printf_percent$$00000004)
    _printf_g                                0x08000241   Thumb Code     0  _printf_g.o(.ARM.Collect$$_printf_percent$$00000005)
    _printf_a                                0x08000247   Thumb Code     0  _printf_a.o(.ARM.Collect$$_printf_percent$$00000006)
    _printf_ll                               0x0800024d   Thumb Code     0  _printf_ll.o(.ARM.Collect$$_printf_percent$$00000007)
    _printf_i                                0x08000257   Thumb Code     0  _printf_i.o(.ARM.Collect$$_printf_percent$$00000008)
    _printf_d                                0x0800025d   Thumb Code     0  _printf_d.o(.ARM.Collect$$_printf_percent$$00000009)
    _printf_u                                0x08000263   Thumb Code     0  _printf_u.o(.ARM.Collect$$_printf_percent$$0000000A)
    _printf_o                                0x08000269   Thumb Code     0  _printf_o.o(.ARM.Collect$$_printf_percent$$0000000B)
    _printf_x                                0x0800026f   Thumb Code     0  _printf_x.o(.ARM.Collect$$_printf_percent$$0000000C)
    _printf_lli                              0x08000275   Thumb Code     0  _printf_lli.o(.ARM.Collect$$_printf_percent$$0000000D)
    _printf_lld                              0x0800027b   Thumb Code     0  _printf_lld.o(.ARM.Collect$$_printf_percent$$0000000E)
    _printf_llu                              0x08000281   Thumb Code     0  _printf_llu.o(.ARM.Collect$$_printf_percent$$0000000F)
    _printf_llo                              0x08000287   Thumb Code     0  _printf_llo.o(.ARM.Collect$$_printf_percent$$00000010)
    _printf_llx                              0x0800028d   Thumb Code     0  _printf_llx.o(.ARM.Collect$$_printf_percent$$00000011)
    _printf_l                                0x08000293   Thumb Code     0  _printf_l.o(.ARM.Collect$$_printf_percent$$00000012)
    _printf_c                                0x0800029d   Thumb Code     0  _printf_c.o(.ARM.Collect$$_printf_percent$$00000013)
    _printf_s                                0x080002a3   Thumb Code     0  _printf_s.o(.ARM.Collect$$_printf_percent$$00000014)
    _printf_lc                               0x080002a9   Thumb Code     0  _printf_lc.o(.ARM.Collect$$_printf_percent$$00000015)
    _printf_ls                               0x080002af   Thumb Code     0  _printf_ls.o(.ARM.Collect$$_printf_percent$$00000016)
    _printf_percent_end                      0x080002b5   Thumb Code     0  _printf_percent_end.o(.ARM.Collect$$_printf_percent$$00000017)
    __rt_lib_init                            0x080002b9   Thumb Code     0  libinit.o(.ARM.Collect$$libinit$$00000000)
    __rt_lib_init_fp_1                       0x080002bb   Thumb Code     0  libinit2.o(.ARM.Collect$$libinit$$00000001)
    __rt_lib_init_heap_1                     0x080002bf   Thumb Code     0  libinit2.o(.ARM.Collect$$libinit$$0000000C)
    __rt_lib_init_lc_common                  0x080002bf   Thumb Code     0  libinit2.o(.ARM.Collect$$libinit$$00000011)
    __rt_lib_init_preinit_1                  0x080002bf   Thumb Code     0  libinit2.o(.ARM.Collect$$libinit$$00000006)
    __rt_lib_init_rand_1                     0x080002bf   Thumb Code     0  libinit2.o(.ARM.Collect$$libinit$$00000010)
    __rt_lib_init_relocate_pie_1             0x080002bf   Thumb Code     0  libinit2.o(.ARM.Collect$$libinit$$00000004)
    __rt_lib_init_user_alloc_1               0x080002bf   Thumb Code     0  libinit2.o(.ARM.Collect$$libinit$$0000000E)
    __rt_lib_init_lc_collate_1               0x080002c5   Thumb Code     0  libinit2.o(.ARM.Collect$$libinit$$00000013)
    __rt_lib_init_lc_ctype_2                 0x080002c5   Thumb Code     0  libinit2.o(.ARM.Collect$$libinit$$00000014)
    __rt_lib_init_lc_ctype_1                 0x080002d1   Thumb Code     0  libinit2.o(.ARM.Collect$$libinit$$00000015)
    __rt_lib_init_lc_monetary_1              0x080002d1   Thumb Code     0  libinit2.o(.ARM.Collect$$libinit$$00000017)
    __rt_lib_init_lc_numeric_2               0x080002d1   Thumb Code     0  libinit2.o(.ARM.Collect$$libinit$$00000018)
    __rt_lib_init_alloca_1                   0x080002db   Thumb Code     0  libinit2.o(.ARM.Collect$$libinit$$00000030)
    __rt_lib_init_argv_1                     0x080002db   Thumb Code     0  libinit2.o(.ARM.Collect$$libinit$$0000002E)
    __rt_lib_init_atexit_1                   0x080002db   Thumb Code     0  libinit2.o(.ARM.Collect$$libinit$$0000001D)
    __rt_lib_init_clock_1                    0x080002db   Thumb Code     0  libinit2.o(.ARM.Collect$$libinit$$00000023)
    __rt_lib_init_cpp_1                      0x080002db   Thumb Code     0  libinit2.o(.ARM.Collect$$libinit$$00000034)
    __rt_lib_init_exceptions_1               0x080002db   Thumb Code     0  libinit2.o(.ARM.Collect$$libinit$$00000032)
    __rt_lib_init_fp_trap_1                  0x080002db   Thumb Code     0  libinit2.o(.ARM.Collect$$libinit$$00000021)
    __rt_lib_init_getenv_1                   0x080002db   Thumb Code     0  libinit2.o(.ARM.Collect$$libinit$$00000025)
    __rt_lib_init_lc_numeric_1               0x080002db   Thumb Code     0  libinit2.o(.ARM.Collect$$libinit$$00000019)
    __rt_lib_init_lc_time_1                  0x080002db   Thumb Code     0  libinit2.o(.ARM.Collect$$libinit$$0000001B)
    __rt_lib_init_return                     0x080002db   Thumb Code     0  libinit2.o(.ARM.Collect$$libinit$$00000035)
    __rt_lib_init_signal_1                   0x080002db   Thumb Code     0  libinit2.o(.ARM.Collect$$libinit$$0000001F)
    __rt_lib_init_stdio_1                    0x080002db   Thumb Code     0  libinit2.o(.ARM.Collect$$libinit$$00000027)
    __rt_lib_shutdown                        0x080002dd   Thumb Code     0  libshutdown.o(.ARM.Collect$$libshutdown$$00000000)
    __rt_lib_shutdown_cpp_1                  0x080002df   Thumb Code     0  libshutdown2.o(.ARM.Collect$$libshutdown$$00000002)
    __rt_lib_shutdown_fp_trap_1              0x080002df   Thumb Code     0  libshutdown2.o(.ARM.Collect$$libshutdown$$00000007)
    __rt_lib_shutdown_heap_1                 0x080002df   Thumb Code     0  libshutdown2.o(.ARM.Collect$$libshutdown$$0000000F)
    __rt_lib_shutdown_return                 0x080002df   Thumb Code     0  libshutdown2.o(.ARM.Collect$$libshutdown$$00000010)
    __rt_lib_shutdown_signal_1               0x080002df   Thumb Code     0  libshutdown2.o(.ARM.Collect$$libshutdown$$0000000A)
    __rt_lib_shutdown_stdio_1                0x080002df   Thumb Code     0  libshutdown2.o(.ARM.Collect$$libshutdown$$00000004)
    __rt_lib_shutdown_user_alloc_1           0x080002df   Thumb Code     0  libshutdown2.o(.ARM.Collect$$libshutdown$$0000000C)
    __rt_entry                               0x080002e1   Thumb Code     0  __rtentry.o(.ARM.Collect$$rtentry$$00000000)
    __rt_entry_presh_1                       0x080002e1   Thumb Code     0  __rtentry2.o(.ARM.Collect$$rtentry$$00000002)
    __rt_entry_sh                            0x080002e1   Thumb Code     0  __rtentry4.o(.ARM.Collect$$rtentry$$00000004)
    __rt_entry_li                            0x080002e7   Thumb Code     0  __rtentry2.o(.ARM.Collect$$rtentry$$0000000A)
    __rt_entry_postsh_1                      0x080002e7   Thumb Code     0  __rtentry2.o(.ARM.Collect$$rtentry$$00000009)
    __rt_entry_main                          0x080002eb   Thumb Code     0  __rtentry2.o(.ARM.Collect$$rtentry$$0000000D)
    __rt_entry_postli_1                      0x080002eb   Thumb Code     0  __rtentry2.o(.ARM.Collect$$rtentry$$0000000C)
    __rt_exit                                0x080002f3   Thumb Code     0  rtexit.o(.ARM.Collect$$rtexit$$00000000)
    __rt_exit_ls                             0x080002f5   Thumb Code     0  rtexit2.o(.ARM.Collect$$rtexit$$00000003)
    __rt_exit_prels_1                        0x080002f5   Thumb Code     0  rtexit2.o(.ARM.Collect$$rtexit$$00000002)
    __rt_exit_exit                           0x080002f9   Thumb Code     0  rtexit2.o(.ARM.Collect$$rtexit$$00000004)
    Reset_Handler                            0x08000301   Thumb Code     8  startup_stm32f407xx.o(.text)
    ADC_IRQHandler                           0x0800031b   Thumb Code     0  startup_stm32f407xx.o(.text)
    CAN1_RX0_IRQHandler                      0x0800031b   Thumb Code     0  startup_stm32f407xx.o(.text)
    CAN1_RX1_IRQHandler                      0x0800031b   Thumb Code     0  startup_stm32f407xx.o(.text)
    CAN1_SCE_IRQHandler                      0x0800031b   Thumb Code     0  startup_stm32f407xx.o(.text)
    CAN1_TX_IRQHandler                       0x0800031b   Thumb Code     0  startup_stm32f407xx.o(.text)
    CAN2_RX0_IRQHandler                      0x0800031b   Thumb Code     0  startup_stm32f407xx.o(.text)
    CAN2_RX1_IRQHandler                      0x0800031b   Thumb Code     0  startup_stm32f407xx.o(.text)
    CAN2_SCE_IRQHandler                      0x0800031b   Thumb Code     0  startup_stm32f407xx.o(.text)
    CAN2_TX_IRQHandler                       0x0800031b   Thumb Code     0  startup_stm32f407xx.o(.text)
    DCMI_IRQHandler                          0x0800031b   Thumb Code     0  startup_stm32f407xx.o(.text)
    DMA1_Stream0_IRQHandler                  0x0800031b   Thumb Code     0  startup_stm32f407xx.o(.text)
    DMA1_Stream1_IRQHandler                  0x0800031b   Thumb Code     0  startup_stm32f407xx.o(.text)
    DMA1_Stream2_IRQHandler                  0x0800031b   Thumb Code     0  startup_stm32f407xx.o(.text)
    DMA1_Stream3_IRQHandler                  0x0800031b   Thumb Code     0  startup_stm32f407xx.o(.text)
    DMA1_Stream4_IRQHandler                  0x0800031b   Thumb Code     0  startup_stm32f407xx.o(.text)
    DMA1_Stream5_IRQHandler                  0x0800031b   Thumb Code     0  startup_stm32f407xx.o(.text)
    DMA1_Stream6_IRQHandler                  0x0800031b   Thumb Code     0  startup_stm32f407xx.o(.text)
    DMA1_Stream7_IRQHandler                  0x0800031b   Thumb Code     0  startup_stm32f407xx.o(.text)
    DMA2_Stream0_IRQHandler                  0x0800031b   Thumb Code     0  startup_stm32f407xx.o(.text)
    DMA2_Stream1_IRQHandler                  0x0800031b   Thumb Code     0  startup_stm32f407xx.o(.text)
    DMA2_Stream2_IRQHandler                  0x0800031b   Thumb Code     0  startup_stm32f407xx.o(.text)
    DMA2_Stream3_IRQHandler                  0x0800031b   Thumb Code     0  startup_stm32f407xx.o(.text)
    DMA2_Stream4_IRQHandler                  0x0800031b   Thumb Code     0  startup_stm32f407xx.o(.text)
    DMA2_Stream5_IRQHandler                  0x0800031b   Thumb Code     0  startup_stm32f407xx.o(.text)
    DMA2_Stream6_IRQHandler                  0x0800031b   Thumb Code     0  startup_stm32f407xx.o(.text)
    DMA2_Stream7_IRQHandler                  0x0800031b   Thumb Code     0  startup_stm32f407xx.o(.text)
    ETH_IRQHandler                           0x0800031b   Thumb Code     0  startup_stm32f407xx.o(.text)
    ETH_WKUP_IRQHandler                      0x0800031b   Thumb Code     0  startup_stm32f407xx.o(.text)
    EXTI0_IRQHandler                         0x0800031b   Thumb Code     0  startup_stm32f407xx.o(.text)
    EXTI15_10_IRQHandler                     0x0800031b   Thumb Code     0  startup_stm32f407xx.o(.text)
    EXTI1_IRQHandler                         0x0800031b   Thumb Code     0  startup_stm32f407xx.o(.text)
    EXTI2_IRQHandler                         0x0800031b   Thumb Code     0  startup_stm32f407xx.o(.text)
    EXTI3_IRQHandler                         0x0800031b   Thumb Code     0  startup_stm32f407xx.o(.text)
    EXTI4_IRQHandler                         0x0800031b   Thumb Code     0  startup_stm32f407xx.o(.text)
    EXTI9_5_IRQHandler                       0x0800031b   Thumb Code     0  startup_stm32f407xx.o(.text)
    FLASH_IRQHandler                         0x0800031b   Thumb Code     0  startup_stm32f407xx.o(.text)
    FMC_IRQHandler                           0x0800031b   Thumb Code     0  startup_stm32f407xx.o(.text)
    FPU_IRQHandler                           0x0800031b   Thumb Code     0  startup_stm32f407xx.o(.text)
    HASH_RNG_IRQHandler                      0x0800031b   Thumb Code     0  startup_stm32f407xx.o(.text)
    I2C1_ER_IRQHandler                       0x0800031b   Thumb Code     0  startup_stm32f407xx.o(.text)
    I2C1_EV_IRQHandler                       0x0800031b   Thumb Code     0  startup_stm32f407xx.o(.text)
    I2C2_ER_IRQHandler                       0x0800031b   Thumb Code     0  startup_stm32f407xx.o(.text)
    I2C2_EV_IRQHandler                       0x0800031b   Thumb Code     0  startup_stm32f407xx.o(.text)
    I2C3_ER_IRQHandler                       0x0800031b   Thumb Code     0  startup_stm32f407xx.o(.text)
    I2C3_EV_IRQHandler                       0x0800031b   Thumb Code     0  startup_stm32f407xx.o(.text)
    OTG_FS_IRQHandler                        0x0800031b   Thumb Code     0  startup_stm32f407xx.o(.text)
    OTG_FS_WKUP_IRQHandler                   0x0800031b   Thumb Code     0  startup_stm32f407xx.o(.text)
    OTG_HS_EP1_IN_IRQHandler                 0x0800031b   Thumb Code     0  startup_stm32f407xx.o(.text)
    OTG_HS_EP1_OUT_IRQHandler                0x0800031b   Thumb Code     0  startup_stm32f407xx.o(.text)
    OTG_HS_IRQHandler                        0x0800031b   Thumb Code     0  startup_stm32f407xx.o(.text)
    OTG_HS_WKUP_IRQHandler                   0x0800031b   Thumb Code     0  startup_stm32f407xx.o(.text)
    PVD_IRQHandler                           0x0800031b   Thumb Code     0  startup_stm32f407xx.o(.text)
    RCC_IRQHandler                           0x0800031b   Thumb Code     0  startup_stm32f407xx.o(.text)
    RTC_Alarm_IRQHandler                     0x0800031b   Thumb Code     0  startup_stm32f407xx.o(.text)
    RTC_WKUP_IRQHandler                      0x0800031b   Thumb Code     0  startup_stm32f407xx.o(.text)
    SDIO_IRQHandler                          0x0800031b   Thumb Code     0  startup_stm32f407xx.o(.text)
    SPI1_IRQHandler                          0x0800031b   Thumb Code     0  startup_stm32f407xx.o(.text)
    SPI2_IRQHandler                          0x0800031b   Thumb Code     0  startup_stm32f407xx.o(.text)
    SPI3_IRQHandler                          0x0800031b   Thumb Code     0  startup_stm32f407xx.o(.text)
    TAMP_STAMP_IRQHandler                    0x0800031b   Thumb Code     0  startup_stm32f407xx.o(.text)
    TIM1_BRK_TIM9_IRQHandler                 0x0800031b   Thumb Code     0  startup_stm32f407xx.o(.text)
    TIM1_CC_IRQHandler                       0x0800031b   Thumb Code     0  startup_stm32f407xx.o(.text)
    TIM1_TRG_COM_TIM11_IRQHandler            0x0800031b   Thumb Code     0  startup_stm32f407xx.o(.text)
    TIM1_UP_TIM10_IRQHandler                 0x0800031b   Thumb Code     0  startup_stm32f407xx.o(.text)
    TIM2_IRQHandler                          0x0800031b   Thumb Code     0  startup_stm32f407xx.o(.text)
    TIM3_IRQHandler                          0x0800031b   Thumb Code     0  startup_stm32f407xx.o(.text)
    TIM4_IRQHandler                          0x0800031b   Thumb Code     0  startup_stm32f407xx.o(.text)
    TIM5_IRQHandler                          0x0800031b   Thumb Code     0  startup_stm32f407xx.o(.text)
    TIM6_DAC_IRQHandler                      0x0800031b   Thumb Code     0  startup_stm32f407xx.o(.text)
    TIM7_IRQHandler                          0x0800031b   Thumb Code     0  startup_stm32f407xx.o(.text)
    TIM8_BRK_TIM12_IRQHandler                0x0800031b   Thumb Code     0  startup_stm32f407xx.o(.text)
    TIM8_CC_IRQHandler                       0x0800031b   Thumb Code     0  startup_stm32f407xx.o(.text)
    TIM8_TRG_COM_TIM14_IRQHandler            0x0800031b   Thumb Code     0  startup_stm32f407xx.o(.text)
    TIM8_UP_TIM13_IRQHandler                 0x0800031b   Thumb Code     0  startup_stm32f407xx.o(.text)
    UART4_IRQHandler                         0x0800031b   Thumb Code     0  startup_stm32f407xx.o(.text)
    UART5_IRQHandler                         0x0800031b   Thumb Code     0  startup_stm32f407xx.o(.text)
    USART1_IRQHandler                        0x0800031b   Thumb Code     0  startup_stm32f407xx.o(.text)
    USART2_IRQHandler                        0x0800031b   Thumb Code     0  startup_stm32f407xx.o(.text)
    USART3_IRQHandler                        0x0800031b   Thumb Code     0  startup_stm32f407xx.o(.text)
    USART6_IRQHandler                        0x0800031b   Thumb Code     0  startup_stm32f407xx.o(.text)
    WWDG_IRQHandler                          0x0800031b   Thumb Code     0  startup_stm32f407xx.o(.text)
    __user_initial_stackheap                 0x0800031d   Thumb Code     0  startup_stm32f407xx.o(.text)
    __aeabi_uldivmod                         0x08000341   Thumb Code     0  lludivv7m.o(.text)
    _ll_udiv                                 0x08000341   Thumb Code   240  lludivv7m.o(.text)
    vsprintf                                 0x08000431   Thumb Code    32  vsprintf.o(.text)
    __aeabi_memclr4                          0x08000455   Thumb Code     0  rt_memclr_w.o(.text)
    __aeabi_memclr8                          0x08000455   Thumb Code     0  rt_memclr_w.o(.text)
    __rt_memclr_w                            0x08000455   Thumb Code     0  rt_memclr_w.o(.text)
    _memset_w                                0x08000459   Thumb Code    74  rt_memclr_w.o(.text)
    __use_two_region_memory                  0x080004a3   Thumb Code     2  heapauxi.o(.text)
    __rt_heap_escrow$2region                 0x080004a5   Thumb Code     2  heapauxi.o(.text)
    __rt_heap_expand$2region                 0x080004a7   Thumb Code     2  heapauxi.o(.text)
    _printf_pre_padding                      0x080004a9   Thumb Code    44  _printf_pad.o(.text)
    _printf_post_padding                     0x080004d5   Thumb Code    34  _printf_pad.o(.text)
    _printf_truncate_signed                  0x080004f7   Thumb Code    18  _printf_truncate.o(.text)
    _printf_truncate_unsigned                0x08000509   Thumb Code    18  _printf_truncate.o(.text)
    _printf_str                              0x0800051b   Thumb Code    82  _printf_str.o(.text)
    _printf_int_dec                          0x0800056d   Thumb Code   104  _printf_dec.o(.text)
    _printf_charcount                        0x080005e5   Thumb Code    40  _printf_charcount.o(.text)
    _printf_char_common                      0x08000617   Thumb Code    32  _printf_char_common.o(.text)
    _sputc                                   0x0800063d   Thumb Code    10  _sputc.o(.text)
    _printf_wctomb                           0x08000649   Thumb Code   182  _printf_wctomb.o(.text)
    _printf_longlong_dec                     0x08000705   Thumb Code   108  _printf_longlong_dec.o(.text)
    _printf_longlong_oct                     0x08000781   Thumb Code    68  _printf_oct_int_ll.o(.text)
    _printf_int_oct                          0x080007c5   Thumb Code    24  _printf_oct_int_ll.o(.text)
    _printf_ll_oct                           0x080007dd   Thumb Code    12  _printf_oct_int_ll.o(.text)
    _printf_longlong_hex                     0x080007f1   Thumb Code    86  _printf_hex_int_ll_ptr.o(.text)
    _printf_int_hex                          0x08000847   Thumb Code    28  _printf_hex_int_ll_ptr.o(.text)
    _printf_ll_hex                           0x08000863   Thumb Code    12  _printf_hex_int_ll_ptr.o(.text)
    _printf_hex_ptr                          0x0800086f   Thumb Code    18  _printf_hex_int_ll_ptr.o(.text)
    __printf                                 0x08000885   Thumb Code   388  __printf_flags_ss_wp.o(.text)
    _ll_udiv10                               0x08000a0d   Thumb Code   138  lludiv10.o(.text)
    _printf_int_common                       0x08000a97   Thumb Code   178  _printf_intcommon.o(.text)
    _printf_fp_dec_real                      0x08000cf9   Thumb Code   620  _printf_fp_dec.o(.text)
    _printf_fp_hex_real                      0x08000f65   Thumb Code   756  _printf_fp_hex.o(.text)
    _printf_cs_common                        0x08001261   Thumb Code    20  _printf_char.o(.text)
    _printf_char                             0x08001275   Thumb Code    16  _printf_char.o(.text)
    _printf_string                           0x08001285   Thumb Code     8  _printf_char.o(.text)
    _printf_lcs_common                       0x0800128d   Thumb Code    20  _printf_wchar.o(.text)
    _printf_wchar                            0x080012a1   Thumb Code    16  _printf_wchar.o(.text)
    _printf_wstring                          0x080012b1   Thumb Code     8  _printf_wchar.o(.text)
    _c16rtomb                                0x080012b9   Thumb Code    72  _c16rtomb.o(.text)
    _wcrtomb                                 0x080012b9   Thumb Code     0  _c16rtomb.o(.text)
    __user_setup_stackheap                   0x08001301   Thumb Code    74  sys_stackheap_outer.o(.text)
    __rt_ctype_table                         0x0800134d   Thumb Code    16  rt_ctype_table.o(.text)
    __rt_locale                              0x0800135d   Thumb Code     8  rt_locale_intlibspace.o(.text)
    _printf_fp_infnan                        0x08001365   Thumb Code   112  _printf_fp_infnan.o(.text)
    _btod_etento                             0x080013e5   Thumb Code   224  bigflt0.o(.text)
    exit                                     0x080014c9   Thumb Code    18  exit.o(.text)
    __user_libspace                          0x080014dd   Thumb Code     8  libspace.o(.text)
    __user_perproc_libspace                  0x080014dd   Thumb Code     0  libspace.o(.text)
    __user_perthread_libspace                0x080014dd   Thumb Code     0  libspace.o(.text)
    strcmp                                   0x080014e9   Thumb Code   124  strcmpv7em.o(.text)
    _sys_exit                                0x08001565   Thumb Code     8  sys_exit.o(.text)
    __I$use$semihosting                      0x08001571   Thumb Code     0  use_no_semi.o(.text)
    __use_no_semihosting_swi                 0x08001571   Thumb Code     2  use_no_semi.o(.text)
    __semihosting_library_function           0x08001573   Thumb Code     0  indicate_semi.o(.text)
    BL_Featch_Command                        0x08001575   Thumb Code  2456  bootloader.o(.text.BL_Featch_Command)
    BL_Print_massege                         0x08001f91   Thumb Code    64  bootloader.o(.text.BL_Print_massege)
    BusFault_Handler                         0x08001fd1   Thumb Code     2  stm32f4xx_it.o(.text.BusFault_Handler)
    DebugMon_Handler                         0x08001fd5   Thumb Code     2  stm32f4xx_it.o(.text.DebugMon_Handler)
    Error_Handler                            0x08001fd9   Thumb Code    10  main.o(.text.Error_Handler)
    FLASH_WaitForLastOperation               0x08001fe5   Thumb Code   254  stm32f4xx_hal_flash.o(.text.FLASH_WaitForLastOperation)
    HAL_CRC_Accumulate                       0x080020e5   Thumb Code   108  stm32f4xx_hal_crc.o(.text.HAL_CRC_Accumulate)
    HAL_CRC_Init                             0x08002151   Thumb Code    42  stm32f4xx_hal_crc.o(.text.HAL_CRC_Init)
    HAL_CRC_MspInit                          0x0800217d   Thumb Code    48  crc.o(.text.HAL_CRC_MspInit)
    HAL_FLASHEx_Erase                        0x080021ad   Thumb Code   394  stm32f4xx_hal_flash_ex.o(.text.HAL_FLASHEx_Erase)
    HAL_FLASHEx_OBGetConfig                  0x08002339   Thumb Code    56  stm32f4xx_hal_flash_ex.o(.text.HAL_FLASHEx_OBGetConfig)
    HAL_FLASHEx_OBProgram                    0x08002371   Thumb Code   184  stm32f4xx_hal_flash_ex.o(.text.HAL_FLASHEx_OBProgram)
    HAL_FLASH_Lock                           0x08002429   Thumb Code    20  stm32f4xx_hal_flash.o(.text.HAL_FLASH_Lock)
    HAL_FLASH_OB_Launch                      0x0800243d   Thumb Code    24  stm32f4xx_hal_flash.o(.text.HAL_FLASH_OB_Launch)
    HAL_FLASH_OB_Lock                        0x08002455   Thumb Code    20  stm32f4xx_hal_flash.o(.text.HAL_FLASH_OB_Lock)
    HAL_FLASH_OB_Unlock                      0x08002469   Thumb Code    42  stm32f4xx_hal_flash.o(.text.HAL_FLASH_OB_Unlock)
    HAL_FLASH_Program                        0x08002495   Thumb Code   288  stm32f4xx_hal_flash.o(.text.HAL_FLASH_Program)
    HAL_FLASH_Unlock                         0x080025b5   Thumb Code    46  stm32f4xx_hal_flash.o(.text.HAL_FLASH_Unlock)
    HAL_GPIO_Init                            0x080025e5   Thumb Code   414  stm32f4xx_hal_gpio.o(.text.HAL_GPIO_Init)
    HAL_GPIO_WritePin                        0x08002785   Thumb Code    10  stm32f4xx_hal_gpio.o(.text.HAL_GPIO_WritePin)
    HAL_GetTick                              0x08002791   Thumb Code    12  stm32f4xx_hal.o(.text.HAL_GetTick)
    HAL_IncTick                              0x0800279d   Thumb Code    26  stm32f4xx_hal.o(.text.HAL_IncTick)
    HAL_Init                                 0x080027b9   Thumb Code    54  stm32f4xx_hal.o(.text.HAL_Init)
    HAL_InitTick                             0x080027f1   Thumb Code    72  stm32f4xx_hal.o(.text.HAL_InitTick)
    HAL_MspInit                              0x08002839   Thumb Code    56  stm32f4xx_hal_msp.o(.text.HAL_MspInit)
    HAL_NVIC_SetPriority                     0x08002871   Thumb Code    86  stm32f4xx_hal_cortex.o(.text.HAL_NVIC_SetPriority)
    HAL_NVIC_SetPriorityGrouping             0x080028c9   Thumb Code    32  stm32f4xx_hal_cortex.o(.text.HAL_NVIC_SetPriorityGrouping)
    HAL_RCC_ClockConfig                      0x080028e9   Thumb Code   356  stm32f4xx_hal_rcc.o(.text.HAL_RCC_ClockConfig)
    HAL_RCC_DeInit                           0x08002a4d   Thumb Code   296  stm32f4xx_hal_rcc_ex.o(.text.HAL_RCC_DeInit)
    HAL_RCC_GetPCLK1Freq                     0x08002b75   Thumb Code    38  stm32f4xx_hal_rcc.o(.text.HAL_RCC_GetPCLK1Freq)
    HAL_RCC_GetPCLK2Freq                     0x08002b9d   Thumb Code    38  stm32f4xx_hal_rcc.o(.text.HAL_RCC_GetPCLK2Freq)
    HAL_RCC_GetSysClockFreq                  0x08002bc5   Thumb Code   108  stm32f4xx_hal_rcc.o(.text.HAL_RCC_GetSysClockFreq)
    HAL_RCC_OscConfig                        0x08002c31   Thumb Code   944  stm32f4xx_hal_rcc.o(.text.HAL_RCC_OscConfig)
    HAL_SYSTICK_Config                       0x08002fe1   Thumb Code    44  stm32f4xx_hal_cortex.o(.text.HAL_SYSTICK_Config)
    HAL_UART_Init                            0x0800300d   Thumb Code    94  stm32f4xx_hal_uart.o(.text.HAL_UART_Init)
    HAL_UART_MspInit                         0x0800306d   Thumb Code   194  usart.o(.text.HAL_UART_MspInit)
    HAL_UART_Receive                         0x08003131   Thumb Code   442  stm32f4xx_hal_uart.o(.text.HAL_UART_Receive)
    HAL_UART_Transmit                        0x080032ed   Thumb Code   646  stm32f4xx_hal_uart.o(.text.HAL_UART_Transmit)
    HardFault_Handler                        0x08003575   Thumb Code     2  stm32f4xx_it.o(.text.HardFault_Handler)
    MX_CRC_Init                              0x08003579   Thumb Code    38  crc.o(.text.MX_CRC_Init)
    MX_GPIO_Init                             0x080035a1   Thumb Code   142  gpio.o(.text.MX_GPIO_Init)
    MX_USART2_UART_Init                      0x08003631   Thumb Code    60  usart.o(.text.MX_USART2_UART_Init)
    MX_USART3_UART_Init                      0x0800366d   Thumb Code    60  usart.o(.text.MX_USART3_UART_Init)
    MemManage_Handler                        0x080036a9   Thumb Code     2  stm32f4xx_it.o(.text.MemManage_Handler)
    NMI_Handler                              0x080036ad   Thumb Code     2  stm32f4xx_it.o(.text.NMI_Handler)
    PendSV_Handler                           0x080036b1   Thumb Code     2  stm32f4xx_it.o(.text.PendSV_Handler)
    SVC_Handler                              0x080036b5   Thumb Code     2  stm32f4xx_it.o(.text.SVC_Handler)
    SysTick_Handler                          0x080036b9   Thumb Code     4  stm32f4xx_it.o(.text.SysTick_Handler)
    SystemClock_Config                       0x080036bd   Thumb Code   176  main.o(.text.SystemClock_Config)
    SystemInit                               0x0800376d   Thumb Code    18  system_stm32f4xx.o(.text.SystemInit)
    UsageFault_Handler                       0x08003871   Thumb Code     2  stm32f4xx_it.o(.text.UsageFault_Handler)
    main                                     0x08003875   Thumb Code    40  main.o(.text.main)
    _btod_d2e                                0x080038c9   Thumb Code    62  btod.o(CL$$btod_d2e)
    _d2e_denorm_low                          0x08003907   Thumb Code    70  btod.o(CL$$btod_d2e_denorm_low)
    _d2e_norm_op1                            0x0800394d   Thumb Code    96  btod.o(CL$$btod_d2e_norm_op1)
    __btod_div_common                        0x080039ad   Thumb Code   696  btod.o(CL$$btod_div_common)
    _e2e                                     0x08003ce5   Thumb Code   220  btod.o(CL$$btod_e2e)
    _btod_ediv                               0x08003dc1   Thumb Code    42  btod.o(CL$$btod_ediv)
    _btod_emul                               0x08003deb   Thumb Code    42  btod.o(CL$$btod_emul)
    __btod_mult_common                       0x08003e15   Thumb Code   580  btod.o(CL$$btod_mult_common)
    __ARM_fpclassify                         0x08004059   Thumb Code    48  fpclassify.o(i.__ARM_fpclassify)
    _is_digit                                0x08004089   Thumb Code    14  __printf_wp.o(i._is_digit)
    _get_lc_numeric                          0x08004099   Thumb Code    44  lc_numeric_c.o(locale$$code)
    _get_lc_ctype                            0x080040c5   Thumb Code    44  lc_ctype_c.o(locale$$code)
    _fp_init                                 0x080040f1   Thumb Code    26  fpinit.o(x$fpl$fpinit)
    __fplib_config_fpu_vfp                   0x08004109   Thumb Code     0  fpinit.o(x$fpl$fpinit)
    __fplib_config_pureend_doubles           0x08004109   Thumb Code     0  fpinit.o(x$fpl$fpinit)
    _printf_fp_dec                           0x0800410b   Thumb Code     4  printf1.o(x$fpl$printf1)
    _printf_fp_hex                           0x0800410f   Thumb Code     4  printf2.o(x$fpl$printf2)
    __I$use$fp                               0x08004112   Number         0  usenofp.o(x$fpl$usenofp)
    AHBPrescTable                            0x08004224   Data          16  system_stm32f4xx.o(.rodata.AHBPrescTable)
    APBPrescTable                            0x08004234   Data           8  system_stm32f4xx.o(.rodata.APBPrescTable)
    Region$$Table$$Base                      0x080046c8   Number         0  anon$$obj.o(Region$$Table)
    Region$$Table$$Limit                     0x080046e8   Number         0  anon$$obj.o(Region$$Table)
    __ctype                                  0x08004711   Data           0  lc_ctype_c.o(locale$$data)
    uwTickFreq                               0x20000000   Data           1  stm32f4xx_hal.o(.data..L_MergedGlobals)
    uwTickPrio                               0x20000004   Data           4  stm32f4xx_hal.o(.data..L_MergedGlobals)
    SystemCoreClock                          0x20000008   Data           4  system_stm32f4xx.o(.data.SystemCoreClock)
    __libspace_start                         0x20000010   Data          96  libspace.o(.bss)
    BL_Buffer                                0x20000070   Data         200  bootloader.o(.bss.BL_Buffer)
    __temporary_stack_top$libspace           0x20000070   Data           0  libspace.o(.bss)
    hcrc                                     0x20000138   Data           8  crc.o(.bss.hcrc)
    huart2                                   0x20000140   Data          68  usart.o(.bss.huart2)
    huart3                                   0x20000184   Data          68  usart.o(.bss.huart3)
    pFlash                                   0x200001c8   Data          32  stm32f4xx_hal_flash.o(.bss.pFlash)
    uwTick                                   0x200001e8   Data           4  stm32f4xx_hal.o(.bss.uwTick)



==============================================================================

Memory Map of the image

  Image Entry point : 0x08000189

  Load Region LR_IROM1 (Base: 0x08000000, Size: 0x00004828, Max: 0x00100000, ABSOLUTE)

    Execution Region ER_IROM1 (Exec base: 0x08000000, Load base: 0x08000000, Size: 0x00004814, Max: 0x00100000, ABSOLUTE)

    Exec Addr    Load Addr    Size         Type   Attr      Idx    E Section Name        Object

    0x08000000   0x08000000   0x00000188   Data   RO            3    RESET               startup_stm32f407xx.o
    0x08000188   0x08000188   0x00000008   Code   RO          674  * !!!main             c_w.l(__main.o)
    0x08000190   0x08000190   0x0000005c   Code   RO         1021    !!!scatter          c_w.l(__scatter.o)
    0x080001ec   0x080001ec   0x0000001a   Code   RO         1025    !!handler_copy      c_w.l(__scatter_copy.o)
    0x08000206   0x08000206   0x00000002   PAD
    0x08000208   0x08000208   0x00000002   Code   RO         1022    !!handler_null      c_w.l(__scatter.o)
    0x0800020a   0x0800020a   0x00000002   PAD
    0x0800020c   0x0800020c   0x0000001c   Code   RO         1027    !!handler_zi        c_w.l(__scatter_zi.o)
    0x08000228   0x08000228   0x00000000   Code   RO          762    .ARM.Collect$$_printf_percent$$00000000  c_w.l(_printf_percent.o)
    0x08000228   0x08000228   0x00000006   Code   RO          751    .ARM.Collect$$_printf_percent$$00000001  c_w.l(_printf_n.o)
    0x0800022e   0x0800022e   0x00000006   Code   RO          753    .ARM.Collect$$_printf_percent$$00000002  c_w.l(_printf_p.o)
    0x08000234   0x08000234   0x00000006   Code   RO          758    .ARM.Collect$$_printf_percent$$00000003  c_w.l(_printf_f.o)
    0x0800023a   0x0800023a   0x00000006   Code   RO          759    .ARM.Collect$$_printf_percent$$00000004  c_w.l(_printf_e.o)
    0x08000240   0x08000240   0x00000006   Code   RO          760    .ARM.Collect$$_printf_percent$$00000005  c_w.l(_printf_g.o)
    0x08000246   0x08000246   0x00000006   Code   RO          761    .ARM.Collect$$_printf_percent$$00000006  c_w.l(_printf_a.o)
    0x0800024c   0x0800024c   0x0000000a   Code   RO          766    .ARM.Collect$$_printf_percent$$00000007  c_w.l(_printf_ll.o)
    0x08000256   0x08000256   0x00000006   Code   RO          755    .ARM.Collect$$_printf_percent$$00000008  c_w.l(_printf_i.o)
    0x0800025c   0x0800025c   0x00000006   Code   RO          756    .ARM.Collect$$_printf_percent$$00000009  c_w.l(_printf_d.o)
    0x08000262   0x08000262   0x00000006   Code   RO          757    .ARM.Collect$$_printf_percent$$0000000A  c_w.l(_printf_u.o)
    0x08000268   0x08000268   0x00000006   Code   RO          754    .ARM.Collect$$_printf_percent$$0000000B  c_w.l(_printf_o.o)
    0x0800026e   0x0800026e   0x00000006   Code   RO          752    .ARM.Collect$$_printf_percent$$0000000C  c_w.l(_printf_x.o)
    0x08000274   0x08000274   0x00000006   Code   RO          763    .ARM.Collect$$_printf_percent$$0000000D  c_w.l(_printf_lli.o)
    0x0800027a   0x0800027a   0x00000006   Code   RO          764    .ARM.Collect$$_printf_percent$$0000000E  c_w.l(_printf_lld.o)
    0x08000280   0x08000280   0x00000006   Code   RO          765    .ARM.Collect$$_printf_percent$$0000000F  c_w.l(_printf_llu.o)
    0x08000286   0x08000286   0x00000006   Code   RO          770    .ARM.Collect$$_printf_percent$$00000010  c_w.l(_printf_llo.o)
    0x0800028c   0x0800028c   0x00000006   Code   RO          771    .ARM.Collect$$_printf_percent$$00000011  c_w.l(_printf_llx.o)
    0x08000292   0x08000292   0x0000000a   Code   RO          767    .ARM.Collect$$_printf_percent$$00000012  c_w.l(_printf_l.o)
    0x0800029c   0x0800029c   0x00000006   Code   RO          749    .ARM.Collect$$_printf_percent$$00000013  c_w.l(_printf_c.o)
    0x080002a2   0x080002a2   0x00000006   Code   RO          750    .ARM.Collect$$_printf_percent$$00000014  c_w.l(_printf_s.o)
    0x080002a8   0x080002a8   0x00000006   Code   RO          768    .ARM.Collect$$_printf_percent$$00000015  c_w.l(_printf_lc.o)
    0x080002ae   0x080002ae   0x00000006   Code   RO          769    .ARM.Collect$$_printf_percent$$00000016  c_w.l(_printf_ls.o)
    0x080002b4   0x080002b4   0x00000004   Code   RO          814    .ARM.Collect$$_printf_percent$$00000017  c_w.l(_printf_percent_end.o)
    0x080002b8   0x080002b8   0x00000002   Code   RO          869    .ARM.Collect$$libinit$$00000000  c_w.l(libinit.o)
    0x080002ba   0x080002ba   0x00000004   Code   RO          893    .ARM.Collect$$libinit$$00000001  c_w.l(libinit2.o)
    0x080002be   0x080002be   0x00000000   Code   RO          896    .ARM.Collect$$libinit$$00000004  c_w.l(libinit2.o)
    0x080002be   0x080002be   0x00000000   Code   RO          898    .ARM.Collect$$libinit$$00000006  c_w.l(libinit2.o)
    0x080002be   0x080002be   0x00000000   Code   RO          901    .ARM.Collect$$libinit$$0000000C  c_w.l(libinit2.o)
    0x080002be   0x080002be   0x00000000   Code   RO          903    .ARM.Collect$$libinit$$0000000E  c_w.l(libinit2.o)
    0x080002be   0x080002be   0x00000000   Code   RO          905    .ARM.Collect$$libinit$$00000010  c_w.l(libinit2.o)
    0x080002be   0x080002be   0x00000006   Code   RO          906    .ARM.Collect$$libinit$$00000011  c_w.l(libinit2.o)
    0x080002c4   0x080002c4   0x00000000   Code   RO          908    .ARM.Collect$$libinit$$00000013  c_w.l(libinit2.o)
    0x080002c4   0x080002c4   0x0000000c   Code   RO          909    .ARM.Collect$$libinit$$00000014  c_w.l(libinit2.o)
    0x080002d0   0x080002d0   0x00000000   Code   RO          910    .ARM.Collect$$libinit$$00000015  c_w.l(libinit2.o)
    0x080002d0   0x080002d0   0x00000000   Code   RO          912    .ARM.Collect$$libinit$$00000017  c_w.l(libinit2.o)
    0x080002d0   0x080002d0   0x0000000a   Code   RO          913    .ARM.Collect$$libinit$$00000018  c_w.l(libinit2.o)
    0x080002da   0x080002da   0x00000000   Code   RO          914    .ARM.Collect$$libinit$$00000019  c_w.l(libinit2.o)
    0x080002da   0x080002da   0x00000000   Code   RO          916    .ARM.Collect$$libinit$$0000001B  c_w.l(libinit2.o)
    0x080002da   0x080002da   0x00000000   Code   RO          918    .ARM.Collect$$libinit$$0000001D  c_w.l(libinit2.o)
    0x080002da   0x080002da   0x00000000   Code   RO          920    .ARM.Collect$$libinit$$0000001F  c_w.l(libinit2.o)
    0x080002da   0x080002da   0x00000000   Code   RO          922    .ARM.Collect$$libinit$$00000021  c_w.l(libinit2.o)
    0x080002da   0x080002da   0x00000000   Code   RO          924    .ARM.Collect$$libinit$$00000023  c_w.l(libinit2.o)
    0x080002da   0x080002da   0x00000000   Code   RO          926    .ARM.Collect$$libinit$$00000025  c_w.l(libinit2.o)
    0x080002da   0x080002da   0x00000000   Code   RO          928    .ARM.Collect$$libinit$$00000027  c_w.l(libinit2.o)
    0x080002da   0x080002da   0x00000000   Code   RO          932    .ARM.Collect$$libinit$$0000002E  c_w.l(libinit2.o)
    0x080002da   0x080002da   0x00000000   Code   RO          934    .ARM.Collect$$libinit$$00000030  c_w.l(libinit2.o)
    0x080002da   0x080002da   0x00000000   Code   RO          936    .ARM.Collect$$libinit$$00000032  c_w.l(libinit2.o)
    0x080002da   0x080002da   0x00000000   Code   RO          938    .ARM.Collect$$libinit$$00000034  c_w.l(libinit2.o)
    0x080002da   0x080002da   0x00000002   Code   RO          939    .ARM.Collect$$libinit$$00000035  c_w.l(libinit2.o)
    0x080002dc   0x080002dc   0x00000002   Code   RO          976    .ARM.Collect$$libshutdown$$00000000  c_w.l(libshutdown.o)
    0x080002de   0x080002de   0x00000000   Code   RO         1004    .ARM.Collect$$libshutdown$$00000002  c_w.l(libshutdown2.o)
    0x080002de   0x080002de   0x00000000   Code   RO         1006    .ARM.Collect$$libshutdown$$00000004  c_w.l(libshutdown2.o)
    0x080002de   0x080002de   0x00000000   Code   RO         1009    .ARM.Collect$$libshutdown$$00000007  c_w.l(libshutdown2.o)
    0x080002de   0x080002de   0x00000000   Code   RO         1012    .ARM.Collect$$libshutdown$$0000000A  c_w.l(libshutdown2.o)
    0x080002de   0x080002de   0x00000000   Code   RO         1014    .ARM.Collect$$libshutdown$$0000000C  c_w.l(libshutdown2.o)
    0x080002de   0x080002de   0x00000000   Code   RO         1017    .ARM.Collect$$libshutdown$$0000000F  c_w.l(libshutdown2.o)
    0x080002de   0x080002de   0x00000002   Code   RO         1018    .ARM.Collect$$libshutdown$$00000010  c_w.l(libshutdown2.o)
    0x080002e0   0x080002e0   0x00000000   Code   RO          676    .ARM.Collect$$rtentry$$00000000  c_w.l(__rtentry.o)
    0x080002e0   0x080002e0   0x00000000   Code   RO          781    .ARM.Collect$$rtentry$$00000002  c_w.l(__rtentry2.o)
    0x080002e0   0x080002e0   0x00000006   Code   RO          793    .ARM.Collect$$rtentry$$00000004  c_w.l(__rtentry4.o)
    0x080002e6   0x080002e6   0x00000000   Code   RO          783    .ARM.Collect$$rtentry$$00000009  c_w.l(__rtentry2.o)
    0x080002e6   0x080002e6   0x00000004   Code   RO          784    .ARM.Collect$$rtentry$$0000000A  c_w.l(__rtentry2.o)
    0x080002ea   0x080002ea   0x00000000   Code   RO          786    .ARM.Collect$$rtentry$$0000000C  c_w.l(__rtentry2.o)
    0x080002ea   0x080002ea   0x00000008   Code   RO          787    .ARM.Collect$$rtentry$$0000000D  c_w.l(__rtentry2.o)
    0x080002f2   0x080002f2   0x00000002   Code   RO          878    .ARM.Collect$$rtexit$$00000000  c_w.l(rtexit.o)
    0x080002f4   0x080002f4   0x00000000   Code   RO          945    .ARM.Collect$$rtexit$$00000002  c_w.l(rtexit2.o)
    0x080002f4   0x080002f4   0x00000004   Code   RO          946    .ARM.Collect$$rtexit$$00000003  c_w.l(rtexit2.o)
    0x080002f8   0x080002f8   0x00000006   Code   RO          947    .ARM.Collect$$rtexit$$00000004  c_w.l(rtexit2.o)
    0x080002fe   0x080002fe   0x00000002   PAD
    0x08000300   0x08000300   0x00000040   Code   RO            4    .text               startup_stm32f407xx.o
    0x08000340   0x08000340   0x000000f0   Code   RO          664    .text               c_w.l(lludivv7m.o)
    0x08000430   0x08000430   0x00000024   Code   RO          666    .text               c_w.l(vsprintf.o)
    0x08000454   0x08000454   0x0000004e   Code   RO          670    .text               c_w.l(rt_memclr_w.o)
    0x080004a2   0x080004a2   0x00000006   Code   RO          672    .text               c_w.l(heapauxi.o)
    0x080004a8   0x080004a8   0x0000004e   Code   RO          683    .text               c_w.l(_printf_pad.o)
    0x080004f6   0x080004f6   0x00000024   Code   RO          685    .text               c_w.l(_printf_truncate.o)
    0x0800051a   0x0800051a   0x00000052   Code   RO          687    .text               c_w.l(_printf_str.o)
    0x0800056c   0x0800056c   0x00000078   Code   RO          689    .text               c_w.l(_printf_dec.o)
    0x080005e4   0x080005e4   0x00000028   Code   RO          691    .text               c_w.l(_printf_charcount.o)
    0x0800060c   0x0800060c   0x00000030   Code   RO          693    .text               c_w.l(_printf_char_common.o)
    0x0800063c   0x0800063c   0x0000000a   Code   RO          695    .text               c_w.l(_sputc.o)
    0x08000646   0x08000646   0x00000002   PAD
    0x08000648   0x08000648   0x000000bc   Code   RO          697    .text               c_w.l(_printf_wctomb.o)
    0x08000704   0x08000704   0x0000007c   Code   RO          700    .text               c_w.l(_printf_longlong_dec.o)
    0x08000780   0x08000780   0x00000070   Code   RO          706    .text               c_w.l(_printf_oct_int_ll.o)
    0x080007f0   0x080007f0   0x00000094   Code   RO          726    .text               c_w.l(_printf_hex_int_ll_ptr.o)
    0x08000884   0x08000884   0x00000188   Code   RO          746    .text               c_w.l(__printf_flags_ss_wp.o)
    0x08000a0c   0x08000a0c   0x0000008a   Code   RO          797    .text               c_w.l(lludiv10.o)
    0x08000a96   0x08000a96   0x000000b2   Code   RO          799    .text               c_w.l(_printf_intcommon.o)
    0x08000b48   0x08000b48   0x0000041c   Code   RO          801    .text               c_w.l(_printf_fp_dec.o)
    0x08000f64   0x08000f64   0x000002fc   Code   RO          805    .text               c_w.l(_printf_fp_hex.o)
    0x08001260   0x08001260   0x0000002c   Code   RO          810    .text               c_w.l(_printf_char.o)
    0x0800128c   0x0800128c   0x0000002c   Code   RO          812    .text               c_w.l(_printf_wchar.o)
    0x080012b8   0x080012b8   0x00000048   Code   RO          815    .text               c_w.l(_c16rtomb.o)
    0x08001300   0x08001300   0x0000004a   Code   RO          817    .text               c_w.l(sys_stackheap_outer.o)
    0x0800134a   0x0800134a   0x00000002   PAD
    0x0800134c   0x0800134c   0x00000010   Code   RO          819    .text               c_w.l(rt_ctype_table.o)
    0x0800135c   0x0800135c   0x00000008   Code   RO          824    .text               c_w.l(rt_locale_intlibspace.o)
    0x08001364   0x08001364   0x00000080   Code   RO          826    .text               c_w.l(_printf_fp_infnan.o)
    0x080013e4   0x080013e4   0x000000e4   Code   RO          828    .text               c_w.l(bigflt0.o)
    0x080014c8   0x080014c8   0x00000012   Code   RO          858    .text               c_w.l(exit.o)
    0x080014da   0x080014da   0x00000002   PAD
    0x080014dc   0x080014dc   0x00000008   Code   RO          875    .text               c_w.l(libspace.o)
    0x080014e4   0x080014e4   0x00000004   PAD
    0x080014e8   0x080014e8   0x0000007c   Code   RO          891    .text               c_w.l(strcmpv7em.o)
    0x08001564   0x08001564   0x0000000c   Code   RO          940    .text               c_w.l(sys_exit.o)
    0x08001570   0x08001570   0x00000002   Code   RO          965    .text               c_w.l(use_no_semi.o)
    0x08001572   0x08001572   0x00000000   Code   RO          967    .text               c_w.l(indicate_semi.o)
    0x08001572   0x08001572   0x00000002   PAD
    0x08001574   0x08001574   0x00000a1c   Code   RO          649    .text.BL_Featch_Command  bootloader.o
    0x08001f90   0x08001f90   0x00000040   Code   RO          647    .text.BL_Print_massege  bootloader.o
    0x08001fd0   0x08001fd0   0x00000002   Code   RO           80    .text.BusFault_Handler  stm32f4xx_it.o
    0x08001fd2   0x08001fd2   0x00000002   PAD
    0x08001fd4   0x08001fd4   0x00000002   Code   RO           86    .text.DebugMon_Handler  stm32f4xx_it.o
    0x08001fd6   0x08001fd6   0x00000002   PAD
    0x08001fd8   0x08001fd8   0x0000000a   Code   RO           15    .text.Error_Handler  main.o
    0x08001fe2   0x08001fe2   0x00000002   PAD
    0x08001fe4   0x08001fe4   0x000000fe   Code   RO          187    .text.FLASH_WaitForLastOperation  stm32f4xx_hal_flash.o
    0x080020e2   0x080020e2   0x00000002   PAD
    0x080020e4   0x080020e4   0x0000006c   Code   RO          115    .text.HAL_CRC_Accumulate  stm32f4xx_hal_crc.o
    0x08002150   0x08002150   0x0000002a   Code   RO          107    .text.HAL_CRC_Init  stm32f4xx_hal_crc.o
    0x0800217a   0x0800217a   0x00000002   PAD
    0x0800217c   0x0800217c   0x00000030   Code   RO           43    .text.HAL_CRC_MspInit  crc.o
    0x080021ac   0x080021ac   0x0000018a   Code   RO          218    .text.HAL_FLASHEx_Erase  stm32f4xx_hal_flash_ex.o
    0x08002336   0x08002336   0x00000002   PAD
    0x08002338   0x08002338   0x00000038   Code   RO          228    .text.HAL_FLASHEx_OBGetConfig  stm32f4xx_hal_flash_ex.o
    0x08002370   0x08002370   0x000000b8   Code   RO          226    .text.HAL_FLASHEx_OBProgram  stm32f4xx_hal_flash_ex.o
    0x08002428   0x08002428   0x00000014   Code   RO          199    .text.HAL_FLASH_Lock  stm32f4xx_hal_flash.o
    0x0800243c   0x0800243c   0x00000018   Code   RO          205    .text.HAL_FLASH_OB_Launch  stm32f4xx_hal_flash.o
    0x08002454   0x08002454   0x00000014   Code   RO          203    .text.HAL_FLASH_OB_Lock  stm32f4xx_hal_flash.o
    0x08002468   0x08002468   0x0000002a   Code   RO          201    .text.HAL_FLASH_OB_Unlock  stm32f4xx_hal_flash.o
    0x08002492   0x08002492   0x00000002   PAD
    0x08002494   0x08002494   0x00000120   Code   RO          185    .text.HAL_FLASH_Program  stm32f4xx_hal_flash.o
    0x080025b4   0x080025b4   0x0000002e   Code   RO          197    .text.HAL_FLASH_Unlock  stm32f4xx_hal_flash.o
    0x080025e2   0x080025e2   0x00000002   PAD
    0x080025e4   0x080025e4   0x0000019e   Code   RO          239    .text.HAL_GPIO_Init  stm32f4xx_hal_gpio.o
    0x08002782   0x08002782   0x00000002   PAD
    0x08002784   0x08002784   0x0000000a   Code   RO          245    .text.HAL_GPIO_WritePin  stm32f4xx_hal_gpio.o
    0x0800278e   0x0800278e   0x00000002   PAD
    0x08002790   0x08002790   0x0000000c   Code   RO          430    .text.HAL_GetTick   stm32f4xx_hal.o
    0x0800279c   0x0800279c   0x0000001a   Code   RO          428    .text.HAL_IncTick   stm32f4xx_hal.o
    0x080027b6   0x080027b6   0x00000002   PAD
    0x080027b8   0x080027b8   0x00000036   Code   RO          418    .text.HAL_Init      stm32f4xx_hal.o
    0x080027ee   0x080027ee   0x00000002   PAD
    0x080027f0   0x080027f0   0x00000048   Code   RO          420    .text.HAL_InitTick  stm32f4xx_hal.o
    0x08002838   0x08002838   0x00000038   Code   RO           99    .text.HAL_MspInit   stm32f4xx_hal_msp.o
    0x08002870   0x08002870   0x00000056   Code   RO          374    .text.HAL_NVIC_SetPriority  stm32f4xx_hal_cortex.o
    0x080028c6   0x080028c6   0x00000002   PAD
    0x080028c8   0x080028c8   0x00000020   Code   RO          372    .text.HAL_NVIC_SetPriorityGrouping  stm32f4xx_hal_cortex.o
    0x080028e8   0x080028e8   0x00000164   Code   RO          133    .text.HAL_RCC_ClockConfig  stm32f4xx_hal_rcc.o
    0x08002a4c   0x08002a4c   0x00000128   Code   RO          175    .text.HAL_RCC_DeInit  stm32f4xx_hal_rcc_ex.o
    0x08002b74   0x08002b74   0x00000026   Code   RO          145    .text.HAL_RCC_GetPCLK1Freq  stm32f4xx_hal_rcc.o
    0x08002b9a   0x08002b9a   0x00000002   PAD
    0x08002b9c   0x08002b9c   0x00000026   Code   RO          147    .text.HAL_RCC_GetPCLK2Freq  stm32f4xx_hal_rcc.o
    0x08002bc2   0x08002bc2   0x00000002   PAD
    0x08002bc4   0x08002bc4   0x0000006c   Code   RO          135    .text.HAL_RCC_GetSysClockFreq  stm32f4xx_hal_rcc.o
    0x08002c30   0x08002c30   0x000003b0   Code   RO          131    .text.HAL_RCC_OscConfig  stm32f4xx_hal_rcc.o
    0x08002fe0   0x08002fe0   0x0000002c   Code   RO          384    .text.HAL_SYSTICK_Config  stm32f4xx_hal_cortex.o
    0x0800300c   0x0800300c   0x0000005e   Code   RO          510    .text.HAL_UART_Init  stm32f4xx_hal_uart.o
    0x0800306a   0x0800306a   0x00000002   PAD
    0x0800306c   0x0800306c   0x000000c2   Code   RO           60    .text.HAL_UART_MspInit  usart.o
    0x0800312e   0x0800312e   0x00000002   PAD
    0x08003130   0x08003130   0x000001ba   Code   RO          528    .text.HAL_UART_Receive  stm32f4xx_hal_uart.o
    0x080032ea   0x080032ea   0x00000002   PAD
    0x080032ec   0x080032ec   0x00000286   Code   RO          526    .text.HAL_UART_Transmit  stm32f4xx_hal_uart.o
    0x08003572   0x08003572   0x00000002   PAD
    0x08003574   0x08003574   0x00000002   Code   RO           76    .text.HardFault_Handler  stm32f4xx_it.o
    0x08003576   0x08003576   0x00000002   PAD
    0x08003578   0x08003578   0x00000026   Code   RO           41    .text.MX_CRC_Init   crc.o
    0x0800359e   0x0800359e   0x00000002   PAD
    0x080035a0   0x080035a0   0x0000008e   Code   RO           31    .text.MX_GPIO_Init  gpio.o
    0x0800362e   0x0800362e   0x00000002   PAD
    0x08003630   0x08003630   0x0000003c   Code   RO           56    .text.MX_USART2_UART_Init  usart.o
    0x0800366c   0x0800366c   0x0000003c   Code   RO           58    .text.MX_USART3_UART_Init  usart.o
    0x080036a8   0x080036a8   0x00000002   Code   RO           78    .text.MemManage_Handler  stm32f4xx_it.o
    0x080036aa   0x080036aa   0x00000002   PAD
    0x080036ac   0x080036ac   0x00000002   Code   RO           74    .text.NMI_Handler   stm32f4xx_it.o
    0x080036ae   0x080036ae   0x00000002   PAD
    0x080036b0   0x080036b0   0x00000002   Code   RO           88    .text.PendSV_Handler  stm32f4xx_it.o
    0x080036b2   0x080036b2   0x00000002   PAD
    0x080036b4   0x080036b4   0x00000002   Code   RO           84    .text.SVC_Handler   stm32f4xx_it.o
    0x080036b6   0x080036b6   0x00000002   PAD
    0x080036b8   0x080036b8   0x00000004   Code   RO           90    .text.SysTick_Handler  stm32f4xx_it.o
    0x080036bc   0x080036bc   0x000000b0   Code   RO           13    .text.SystemClock_Config  main.o
    0x0800376c   0x0800376c   0x00000012   Code   RO          630    .text.SystemInit    system_stm32f4xx.o
    0x0800377e   0x0800377e   0x00000002   PAD
    0x08003780   0x08003780   0x000000ee   Code   RO          514    .text.UART_SetConfig  stm32f4xx_hal_uart.o
    0x0800386e   0x0800386e   0x00000002   PAD
    0x08003870   0x08003870   0x00000002   Code   RO           82    .text.UsageFault_Handler  stm32f4xx_it.o
    0x08003872   0x08003872   0x00000002   PAD
    0x08003874   0x08003874   0x00000054   Code   RO           11    .text.main          main.o
    0x080038c8   0x080038c8   0x0000003e   Code   RO          831    CL$$btod_d2e        c_w.l(btod.o)
    0x08003906   0x08003906   0x00000046   Code   RO          833    CL$$btod_d2e_denorm_low  c_w.l(btod.o)
    0x0800394c   0x0800394c   0x00000060   Code   RO          832    CL$$btod_d2e_norm_op1  c_w.l(btod.o)
    0x080039ac   0x080039ac   0x00000338   Code   RO          841    CL$$btod_div_common  c_w.l(btod.o)
    0x08003ce4   0x08003ce4   0x000000dc   Code   RO          838    CL$$btod_e2e        c_w.l(btod.o)
    0x08003dc0   0x08003dc0   0x0000002a   Code   RO          835    CL$$btod_ediv       c_w.l(btod.o)
    0x08003dea   0x08003dea   0x0000002a   Code   RO          834    CL$$btod_emul       c_w.l(btod.o)
    0x08003e14   0x08003e14   0x00000244   Code   RO          840    CL$$btod_mult_common  c_w.l(btod.o)
    0x08004058   0x08004058   0x00000030   Code   RO          873    i.__ARM_fpclassify  m_wm.l(fpclassify.o)
    0x08004088   0x08004088   0x0000000e   Code   RO          739    i._is_digit         c_w.l(__printf_wp.o)
    0x08004096   0x08004096   0x00000002   PAD
    0x08004098   0x08004098   0x0000002c   Code   RO          856    locale$$code        c_w.l(lc_numeric_c.o)
    0x080040c4   0x080040c4   0x0000002c   Code   RO          885    locale$$code        c_w.l(lc_ctype_c.o)
    0x080040f0   0x080040f0   0x0000001a   Code   RO          959    x$fpl$fpinit        fz_wm.l(fpinit.o)
    0x0800410a   0x0800410a   0x00000004   Code   RO          772    x$fpl$printf1       fz_wm.l(printf1.o)
    0x0800410e   0x0800410e   0x00000004   Code   RO          774    x$fpl$printf2       fz_wm.l(printf2.o)
    0x08004112   0x08004112   0x00000000   Code   RO          872    x$fpl$usenofp       fz_wm.l(usenofp.o)
    0x08004112   0x08004112   0x00000002   PAD
    0x08004114   0x08004114   0x00000008   Data   RO          698    .constdata          c_w.l(_printf_wctomb.o)
    0x0800411c   0x0800411c   0x00000028   Data   RO          727    .constdata          c_w.l(_printf_hex_int_ll_ptr.o)
    0x08004144   0x08004144   0x00000011   Data   RO          747    .constdata          c_w.l(__printf_flags_ss_wp.o)
    0x08004155   0x08004155   0x00000026   Data   RO          806    .constdata          c_w.l(_printf_fp_hex.o)
    0x0800417b   0x0800417b   0x00000001   PAD
    0x0800417c   0x0800417c   0x00000094   Data   RO          829    .constdata          c_w.l(bigflt0.o)
    0x08004210   0x08004210   0x00000014   Data   RO          654    .rodata..L__const.Bootloader_Erase_Flash.pEraseInit  bootloader.o
    0x08004224   0x08004224   0x00000010   Data   RO          635    .rodata.AHBPrescTable  system_stm32f4xx.o
    0x08004234   0x08004234   0x00000008   Data   RO          636    .rodata.APBPrescTable  system_stm32f4xx.o
    0x0800423c   0x0800423c   0x00000489   Data   RO          652    .rodata.str1.1      bootloader.o
    0x080046c5   0x080046c5   0x00000003   PAD
    0x080046c8   0x080046c8   0x00000020   Data   RO         1020    Region$$Table       anon$$obj.o
    0x080046e8   0x080046e8   0x0000001c   Data   RO          855    locale$$data        c_w.l(lc_numeric_c.o)
    0x08004704   0x08004704   0x00000110   Data   RO          884    locale$$data        c_w.l(lc_ctype_c.o)


    Execution Region RW_IRAM1 (Exec base: 0x20000000, Load base: 0x08004818, Size: 0x000007f0, Max: 0x0001c000, ABSOLUTE)

    Exec Addr    Load Addr    Size         Type   Attr      Idx    E Section Name        Object

    0x20000000   0x08004818   0x00000008   Data   RW          473    .data..L_MergedGlobals  stm32f4xx_hal.o
    0x20000008   0x08004820   0x00000004   Data   RW          634    .data.SystemCoreClock  system_stm32f4xx.o
    0x2000000c   0x08004824   0x00000004   PAD
    0x20000010        -       0x00000060   Zero   RW          876    .bss                c_w.l(libspace.o)
    0x20000070        -       0x000000c8   Zero   RW          651    .bss.BL_Buffer      bootloader.o
    0x20000138        -       0x00000008   Zero   RW           47    .bss.hcrc           crc.o
    0x20000140        -       0x00000044   Zero   RW           64    .bss.huart2         usart.o
    0x20000184        -       0x00000044   Zero   RW           65    .bss.huart3         usart.o
    0x200001c8        -       0x00000020   Zero   RW          209    .bss.pFlash         stm32f4xx_hal_flash.o
    0x200001e8        -       0x00000004   Zero   RW          472    .bss.uwTick         stm32f4xx_hal.o
    0x200001ec   0x08004824   0x00000004   PAD
    0x200001f0        -       0x00000200   Zero   RW            2    HEAP                startup_stm32f407xx.o
    0x200003f0        -       0x00000400   Zero   RW            1    STACK               startup_stm32f407xx.o


    Execution Region RW_IRAM2 (Exec base: 0x2001c000, Load base: 0x08004828, Size: 0x00000000, Max: 0x00004000, ABSOLUTE)

    **** No section assigned to this execution region ****


==============================================================================

Image component sizes


      Code (inc. data)   RO Data    RW Data    ZI Data      Debug   Object Name

      2652        170       1181          0        200      17615   bootloader.o
        86          0          0          0          8       2708   crc.o
       142          0          0          0          0       2388   gpio.o
       270         44          0          0          0       3476   main.o
        64         26        392          0       1536        912   startup_stm32f407xx.o
       164          0          0          8          4       7367   stm32f4xx_hal.o
       162          0          0          0          0      10532   stm32f4xx_hal_cortex.o
       150          0          0          0          0       3629   stm32f4xx_hal_crc.o
       694          0          0          0         32       5534   stm32f4xx_hal_flash.o
       634          0          0          0          0       5913   stm32f4xx_hal_flash_ex.o
       424          0          0          0          0       5396   stm32f4xx_hal_gpio.o
        56          0          0          0          0       1524   stm32f4xx_hal_msp.o
      1484          0          0          0          0       7512   stm32f4xx_hal_rcc.o
       296          0          0          0          0       4487   stm32f4xx_hal_rcc_ex.o
      1420          0          0          0          0      31880   stm32f4xx_hal_uart.o
        20          0          0          0          0       1210   stm32f4xx_it.o
        18          0         24          4          0       2712   system_stm32f4xx.o
       314          0          0          0        136       5583   usart.o

    ----------------------------------------------------------------------
      9108        240       1632         12       1924     120378   Object Totals
         0          0         32          0          0          0   (incl. Generated)
        58          0          3          0          8          0   (incl. Padding)

    ----------------------------------------------------------------------

      Code (inc. data)   RO Data    RW Data    ZI Data      Debug   Library Member Name

         8          0          0          0          0         68   __main.o
       392          4         17          0          0         92   __printf_flags_ss_wp.o
        14          0          0          0          0         68   __printf_wp.o
         0          0          0          0          0          0   __rtentry.o
        12          0          0          0          0          0   __rtentry2.o
         6          0          0          0          0          0   __rtentry4.o
        94          8          0          0          0          0   __scatter.o
        26          0          0          0          0          0   __scatter_copy.o
        28          0          0          0          0          0   __scatter_zi.o
        72          0          0          0          0         96   _c16rtomb.o
         6          0          0          0          0          0   _printf_a.o
         6          0          0          0          0          0   _printf_c.o
        44          0          0          0          0        108   _printf_char.o
        48          6          0          0          0         96   _printf_char_common.o
        40          0          0          0          0         68   _printf_charcount.o
         6          0          0          0          0          0   _printf_d.o
       120         16          0          0          0         92   _printf_dec.o
         6          0          0          0          0          0   _printf_e.o
         6          0          0          0          0          0   _printf_f.o
      1052          0          0          0          0        148   _printf_fp_dec.o
       764          8         38          0          0        100   _printf_fp_hex.o
       128         16          0          0          0         84   _printf_fp_infnan.o
         6          0          0          0          0          0   _printf_g.o
       148          4         40          0          0        160   _printf_hex_int_ll_ptr.o
         6          0          0          0          0          0   _printf_i.o
       178          0          0          0          0         88   _printf_intcommon.o
        10          0          0          0          0          0   _printf_l.o
         6          0          0          0          0          0   _printf_lc.o
        10          0          0          0          0          0   _printf_ll.o
         6          0          0          0          0          0   _printf_lld.o
         6          0          0          0          0          0   _printf_lli.o
         6          0          0          0          0          0   _printf_llo.o
         6          0          0          0          0          0   _printf_llu.o
         6          0          0          0          0          0   _printf_llx.o
       124         16          0          0          0         92   _printf_longlong_dec.o
         6          0          0          0          0          0   _printf_ls.o
         6          0          0          0          0          0   _printf_n.o
         6          0          0          0          0          0   _printf_o.o
       112          8          0          0          0        124   _printf_oct_int_ll.o
         6          0          0          0          0          0   _printf_p.o
        78          0          0          0          0        108   _printf_pad.o
         0          0          0          0          0          0   _printf_percent.o
         4          0          0          0          0          0   _printf_percent_end.o
         6          0          0          0          0          0   _printf_s.o
        82          0          0          0          0         80   _printf_str.o
        36          0          0          0          0         84   _printf_truncate.o
         6          0          0          0          0          0   _printf_u.o
        44          0          0          0          0        108   _printf_wchar.o
       188          6          8          0          0         92   _printf_wctomb.o
         6          0          0          0          0          0   _printf_x.o
        10          0          0          0          0         68   _sputc.o
       228          4        148          0          0         96   bigflt0.o
      1936        128          0          0          0        668   btod.o
        18          0          0          0          0         80   exit.o
         6          0          0          0          0        152   heapauxi.o
         0          0          0          0          0          0   indicate_semi.o
        44         10        272          0          0         76   lc_ctype_c.o
        44         10         28          0          0         76   lc_numeric_c.o
         2          0          0          0          0          0   libinit.o
        34          0          0          0          0          0   libinit2.o
         2          0          0          0          0          0   libshutdown.o
         2          0          0          0          0          0   libshutdown2.o
         8          4          0          0         96         68   libspace.o
       138          0          0          0          0         80   lludiv10.o
       240          0          0          0          0        100   lludivv7m.o
        16          4          0          0          0         76   rt_ctype_table.o
         8          4          0          0          0         68   rt_locale_intlibspace.o
        78          0          0          0          0         80   rt_memclr_w.o
         2          0          0          0          0          0   rtexit.o
        10          0          0          0          0          0   rtexit2.o
       124          0          0          0          0         88   strcmpv7em.o
        12          4          0          0          0         68   sys_exit.o
        74          0          0          0          0         80   sys_stackheap_outer.o
         2          0          0          0          0         68   use_no_semi.o
        36          4          0          0          0         76   vsprintf.o
        26          0          0          0          0        116   fpinit.o
         4          0          0          0          0        116   printf1.o
         4          0          0          0          0        116   printf2.o
         0          0          0          0          0          0   usenofp.o
        48          0          0          0          0        124   fpclassify.o

    ----------------------------------------------------------------------
      7160        268        552          0         96       4496   Library Totals
        22          4          1          0          0          0   (incl. Padding)

    ----------------------------------------------------------------------

      Code (inc. data)   RO Data    RW Data    ZI Data      Debug   Library Name

      7056        264        551          0         96       4024   c_w.l
        34          0          0          0          0        348   fz_wm.l
        48          0          0          0          0        124   m_wm.l

    ----------------------------------------------------------------------
      7160        268        552          0         96       4496   Library Totals

    ----------------------------------------------------------------------

==============================================================================


      Code (inc. data)   RO Data    RW Data    ZI Data      Debug   

     16268        508       2184         12       2020     122290   Grand Totals
     16268        508       2184         12       2020     122290   ELF Image Totals
     16268        508       2184         12          0          0   ROM Totals

==============================================================================

    Total RO  Size (Code + RO Data)                18452 (  18.02kB)
    Total RW  Size (RW Data + ZI Data)              2032 (   1.98kB)
    Total ROM Size (Code + RO Data + RW Data)      18464 (  18.03kB)

==============================================================================

